jmap -histo 7

 num     #instances         #bytes  class name
----------------------------------------------
   1:          5739         449528  [C
   2:          1587         178512  java.lang.Class
   3:           474         160856  [B
   4:          5696         136704  java.lang.String
   5:          2444          93840  [Ljava.lang.Object;
   6:          1560          87360  java.lang.invoke.MemberName
   7:          1627          52064  java.util.concurrent.ConcurrentHashMap$Node
   8:          1173          37536  java.lang.invoke.LambdaForm$Name
   9:           736          29440  java.lang.invoke.BoundMethodHandle$Species_LL
  10:           468          28080  [Ljava.lang.ref.SoftReference;
  11:           857          27424  java.lang.invoke.DirectMethodHandle
  12:           683          27320  java.lang.invoke.MethodType
  13:           901          26328  [Ljava.lang.Class;
  14:           753          24096  java.lang.invoke.MethodType$ConcurrentWeakInternSet$WeakEntry
  15:           550          22000  java.lang.ref.SoftReference
  16:           297          21384  java.lang.reflect.Field
  17:           228          20064  java.lang.reflect.Method
  18:           513          19712  [I
  19:           397          19056  java.lang.invoke.LambdaForm
  20:           581          18592  jdk.nashorn.internal.runtime.PropertyHashMap$Element
  21:           402          17080  [Ljava.lang.invoke.LambdaForm$Name;
  22:           466          14912  java.util.HashMap$Node
  23:           263          14728  java.lang.invoke.MethodTypeForm
  24:            50          13984  [Ljdk.nashorn.internal.runtime.PropertyHashMap$Element;
  25:           366          13656  [Ljava.lang.invoke.MethodHandle;
  26:            19          12272  [Ljava.util.concurrent.ConcurrentHashMap$Node;
  27:           210          11760  jdk.nashorn.internal.runtime.AccessorProperty
  28:           407           9768  java.lang.invoke.LambdaForm$NamedFunction
  29:           227           9080  jdk.nashorn.internal.runtime.CompiledFunction
  30:           502           8032  java.lang.Object
  31:           137           7672  jdk.nashorn.internal.runtime.ScriptFunction
  32:           113           7232  jdk.nashorn.internal.runtime.PropertyMap
  33:            53           6528  [Ljava.util.HashMap$Node;
  34:           125           6496  [Ljava.lang.String;
  35:           256           6144  java.lang.Long
  36:            73           6032  [Ljava.util.WeakHashMap$Entry;
  37:           102           5712  java.lang.invoke.LambdaFormEditor$Transform
  38:           230           5520  java.util.LinkedList$Node
  39:           149           4768  java.util.LinkedList
  40:           147           4704  jdk.nashorn.internal.runtime.FinalScriptFunctionData
  41:            76           4256  java.lang.Class$ReflectionData
  42:           265           4240  java.lang.Integer
  43:           256           4096  java.lang.Byte
  44:           256           4096  java.lang.Short
  45:           102           4080  java.util.WeakHashMap$Entry
  46:           123           3936  java.util.Hashtable$Entry
  47:            66           3696  jdk.nashorn.internal.runtime.SpillProperty
  48:            44           3520  java.lang.reflect.Constructor
  49:            84           3360  java.util.TreeMap$Entry
  50:           103           3296  jdk.nashorn.internal.runtime.PropertyHashMap
  51:            66           3168  java.util.WeakHashMap
  52:             8           3008  java.lang.Thread
  53:            62           2976  java.util.HashMap
  54:            83           2656  java.lang.ref.ReferenceQueue
  55:            46           2576  jdk.nashorn.internal.runtime.options.OptionTemplate
  56:            61           2440  java.lang.invoke.BoundMethodHandle$Species_L3
  57:            35           2240  java.net.URL
  58:             1           2064  [Ljdk.nashorn.internal.runtime.SpillProperty$Accessors;
  59:           128           2048  java.lang.Character
  60:            42           2016  java.lang.invoke.BoundMethodHandle$Species_LLIL
  61:            39           1872  sun.util.locale.LocaleObjectCache$CacheEntry
  62:            45           1800  java.lang.invoke.BoundMethodHandle$Species_LI
  63:            44           1760  java.lang.invoke.DirectMethodHandle$Accessor
  64:            33           1728  [Ljava.lang.reflect.Field;
  65:            42           1680  java.lang.invoke.BoundMethodHandle$Species_LLI
  66:            69           1656  jdk.nashorn.internal.runtime.Specialization
  67:            41           1640  java.lang.invoke.BoundMethodHandle$Species_LIL
  68:            41           1640  jdk.nashorn.internal.runtime.SpillProperty$Accessors
  69:            51           1632  java.lang.invoke.BoundMethodHandle$Species_L
  70:             1           1568  [[B
  71:            45           1440  jdk.nashorn.internal.codegen.CompilerConstants
  72:            85           1360  java.lang.ref.ReferenceQueue$Lock
  73:            21           1344  java.util.concurrent.ConcurrentHashMap
  74:            33           1320  java.util.LinkedHashMap$Entry
  75:            10           1296  [Ljava.util.Hashtable$Entry;
  76:            31           1240  java.io.ObjectStreamField
  77:            18           1224  [Ljava.lang.reflect.Method;
  78:            38           1216  jdk.nashorn.internal.codegen.CompilerConstants$7
  79:            30           1200  java.lang.invoke.MethodHandleImpl$AsVarargsCollector
  80:            49           1176  java.lang.invoke.Invokers
  81:            23           1064  [Ljdk.nashorn.internal.runtime.Property;
  82:            19           1064  java.lang.Package
  83:             1           1040  [Ljava.lang.Byte;
  84:             1           1040  [Ljava.lang.Integer;
  85:             1           1040  [Ljava.lang.Long;
  86:             1           1040  [Ljava.lang.Short;
  87:             8           1032  [Ljava.lang.ClassValue$Entry;
  88:            32           1024  jdk.internal.org.objectweb.asm.Type
  89:            30            960  sun.reflect.UnsafeQualifiedBooleanFieldAccessorImpl
  90:            22            880  java.lang.invoke.MethodHandleImpl$IntrinsicMethodHandle
  91:            15            840  sun.misc.URLClassPath$JarLoader
  92:            19            760  sun.util.locale.BaseLocale$Key
  93:            30            720  java.util.ArrayList
  94:            22            704  java.lang.ClassValue$Entry
  95:            17            680  java.security.AccessControlContext
  96:            17            680  java.util.EnumMap
  97:            21            672  java.lang.invoke.SimpleMethodHandle
  98:             9            656  [S
  99:            27            648  java.io.ExpiringCache$Entry
 100:            16            640  [Ljava.lang.invoke.BoundMethodHandle$SpeciesData;
 101:             3            624  [Ljava.lang.invoke.LambdaForm;
 102:            19            608  java.util.Locale
 103:            38            608  jdk.nashorn.internal.runtime.options.Option
 104:            19            608  sun.util.locale.BaseLocale
 105:            15            600  java.lang.invoke.BoundMethodHandle$SpeciesData
 106:            24            576  java.util.jar.Attributes$Name
 107:            18            560  [Ljava.lang.invoke.LambdaForm$BasicType;
 108:            10            560  sun.invoke.util.Wrapper
 109:            10            560  sun.nio.cs.UTF_8$Encoder
 110:             1            528  [Ljava.lang.Character;
 111:            22            528  [Ljava.lang.reflect.Constructor;
 112:            22            528  sun.reflect.NativeConstructorAccessorImpl
 113:            17            520  [Ljava.lang.invoke.LambdaForm$NamedFunction;
 114:            32            512  java.lang.Boolean
 115:            16            512  jdk.nashorn.internal.codegen.CompilerConstants$2
 116:            14            480  [Ljava.lang.invoke.LambdaFormEditor$Transform;
 117:             1            472  jdk.nashorn.internal.objects.Global
 118:            19            456  java.util.Locale$LocaleKey
 119:            14            448  java.io.File
 120:             7            448  java.lang.ClassValue$ClassValueMap
 121:            13            416  sun.reflect.UnsafeStaticObjectFieldAccessorImpl
 122:            10            400  java.lang.ref.Finalizer
 123:             7            392  jdk.nashorn.internal.runtime.UserAccessorProperty
 124:             6            384  [J
 125:             1            384  java.lang.ref.Finalizer$FinalizerThread
 126:             6            384  java.nio.DirectByteBuffer
 127:             1            384  java.util.logging.LogManager$Cleaner
 128:             8            384  java.util.logging.LogManager$LoggerWeakRef
 129:             1            376  java.lang.ref.Reference$ReferenceHandler
 130:            13            360  [Ljava.io.ObjectStreamField;
 131:             5            352  [Lsun.invoke.util.Wrapper;
 132:            22            352  sun.reflect.DelegatingConstructorAccessorImpl
 133:            14            336  java.lang.invoke.LambdaFormEditor$Transform$Kind
 134:             6            336  java.nio.DirectLongBufferU
 135:             7            336  java.util.Hashtable
 136:             6            336  java.util.LinkedHashMap
 137:             6            336  java.util.ResourceBundle$CacheKey
 138:            14            336  sun.misc.MetaIndex
 139:             6            336  sun.util.calendar.ZoneInfo
 140:            10            320  java.lang.OutOfMemoryError
 141:             8            320  java.security.ProtectionDomain
 142:            10            320  java.util.logging.LogManager$LogNode
 143:            13            312  java.lang.ClassValue$Version
 144:             6            288  java.nio.HeapByteBuffer
 145:             6            288  java.util.ResourceBundle$BundleReference
 146:             9            288  java.util.logging.Level
 147:             7            280  jdk.nashorn.internal.runtime.NativeJavaPackage
 148:            17            272  sun.invoke.util.ValueConversions$WrapperCache
 149:            11            264  java.lang.ProcessEnvironment$Value
 150:            11            264  java.lang.ProcessEnvironment$Variable
 151:            11            264  jdk.nashorn.internal.runtime.Context$BuiltinSwitchPoint
 152:             8            256  java.util.Vector
 153:             8            256  sun.misc.ProxyGenerator$PrimitiveTypeInfo
 154:             8            256  sun.reflect.UnsafeQualifiedObjectFieldAccessorImpl
 155:            10            240  java.lang.RuntimePermission
 156:             5            240  java.lang.invoke.BoundMethodHandle$Species_L3I
 157:             5            240  java.lang.invoke.MethodHandleImpl$WrappedMember
 158:            10            240  java.lang.invoke.MethodHandles$Lookup
 159:             5            240  sun.nio.cs.StreamEncoder
 160:             7            224  jdk.nashorn.internal.codegen.CompilerConstants$3
 161:             9            216  java.util.Collections$UnmodifiableRandomAccessList
 162:             9            216  java.util.logging.Level$KnownLevel
 163:             3            216  java.util.logging.Logger
 164:             9            216  sun.util.logging.PlatformLogger$Level
 165:            13            208  java.lang.ClassValue$Identity
 166:             1            200  [Ljdk.nashorn.internal.codegen.CompilerConstants;
 167:             5            200  java.util.IdentityHashMap
 168:             5            200  jdk.nashorn.internal.codegen.types.ObjectType
 169:             5            200  sun.nio.cs.UTF_8$Decoder
 170:             6            192  java.lang.invoke.LambdaForm$BasicType
 171:             8            192  java.lang.invoke.MethodHandleImpl$Intrinsic
 172:             8            192  java.util.Collections$SingletonList
 173:             6            192  java.util.ResourceBundle$LoaderReference
 174:             2            192  java.util.jar.JarFile$JarFileEntry
 175:            11            176  java.lang.invoke.MutableCallSite
 176:             7            168  java.util.Arrays$ArrayList
 177:             7            168  jdk.nashorn.internal.runtime.JSType
 178:             4            160  java.io.BufferedWriter
 179:             5            160  java.lang.ThreadLocal$ThreadLocalMap$Entry
 180:             4            160  java.lang.invoke.DirectMethodHandle$Interface
 181:             5            160  java.lang.invoke.DirectMethodHandle$Special
 182:             5            160  java.lang.ref.WeakReference
 183:             5            160  java.security.Permissions
 184:             5            160  jdk.nashorn.internal.runtime.linker.LinkerCallSite
 185:             3            144  java.util.Properties
 186:             6            144  java.util.concurrent.atomic.AtomicLong
 187:             6            144  sun.misc.PerfCounter
 188:             3            144  sun.misc.URLClassPath
 189:             4            136  [Lsun.invoke.util.ValueConversions$WrapperCache;
 190:             8            128  [Ljava.security.Principal;
 191:             2            128  java.io.ExpiringCache$1
 192:             4            128  java.security.CodeSource
 193:             8            128  java.security.ProtectionDomain$Key
 194:             4            128  java.util.Stack
 195:             4            128  java.util.concurrent.locks.ReentrantLock$NonfairSync
 196:             2            128  java.util.jar.JarFile
 197:             4            128  jdk.nashorn.internal.codegen.CompilerConstants$8
 198:             1            128  jdk.nashorn.internal.objects.NativeArray$Prototype
 199:             1            128  jdk.nashorn.internal.objects.NativeString$Prototype
 200:             4            128  jdk.nashorn.internal.runtime.linker.NashornCallSiteDescriptor
 201:             1            120  [[Ljava.lang.String;
 202:             5            120  java.io.OutputStreamWriter
 203:             3            120  java.util.PropertyResourceBundle
 204:             1            120  jdk.nashorn.internal.objects.NativeObject$Constructor
 205:             5            120  jdk.nashorn.internal.runtime.UserAccessorProperty$Accessors
 206:             1            112  jdk.nashorn.internal.objects.NativeMath$Constructor
 207:             1            104  jdk.nashorn.internal.runtime.ScriptEnvironment
 208:             1             96  [Ljava.lang.invoke.MethodType;
 209:             4             96  [Ljava.security.ProtectionDomain;
 210:             3             96  java.io.FileDescriptor
 211:             4             96  java.lang.Class$AnnotationData
 212:             2             96  java.lang.ThreadGroup
 213:             6             96  java.lang.ThreadLocal
 214:             2             96  java.lang.invoke.BoundMethodHandle$Species_L4
 215:             2             96  java.lang.invoke.BoundMethodHandle$Species_LLILL
 216:             2             96  java.lang.invoke.MethodHandleImpl$CountingWrapper
 217:             3             96  java.util.Collections$UnmodifiableMap
 218:             2             96  java.util.TreeMap
 219:             4             96  java.util.concurrent.CopyOnWriteArrayList
 220:             6             96  java.util.concurrent.atomic.AtomicReference
 221:             2             96  java.util.zip.Inflater
 222:             3             96  java.util.zip.ZipCoder
 223:             1             96  sun.misc.Launcher$AppClassLoader
 224:             1             88  sun.misc.Launcher$ExtClassLoader
 225:             1             80  [Ljava.lang.ThreadLocal$ThreadLocalMap$Entry;
 226:             3             80  [Ljdk.nashorn.internal.codegen.types.Type;
 227:             2             80  java.io.ExpiringCache
 228:             2             80  java.io.PrintWriter
 229:             2             80  java.lang.ClassLoader$NativeLibrary
 230:             2             80  java.lang.invoke.BoundMethodHandle$Species_D
 231:             1             80  jdk.nashorn.internal.runtime.StructureLoader
 232:             2             80  jdk.nashorn.internal.scripts.JO
 233:             1             80  sun.net.www.protocol.jar.URLJarFile
 234:             2             80  sun.reflect.UnsafeQualifiedStaticObjectFieldAccessorImpl
 235:             1             72  [Ljava.lang.invoke.LambdaFormEditor$Transform$Kind;
 236:             3             72  java.lang.annotation.RetentionPolicy
 237:             3             72  java.util.ArrayDeque
 238:             1             72  java.util.logging.LogManager$RootLogger
 239:             3             72  java.util.logging.Logger$LoggerBundle
 240:             3             72  jdk.nashorn.internal.runtime.Context$FieldMode
 241:             3             72  jdk.nashorn.internal.runtime.ScriptEnvironment$FunctionStatementBehavior
 242:             3             72  sun.misc.Signal
 243:             3             72  sun.reflect.annotation.AnnotationInvocationHandler
 244:             2             64  [Ljava.lang.Thread;
 245:             2             64  [Ljava.lang.annotation.RetentionPolicy;
 246:             2             64  java.io.FileOutputStream
 247:             2             64  java.io.PrintStream
 248:             2             64  java.lang.VirtualMachineError
 249:             2             64  java.lang.ref.ReferenceQueue$Null
 250:             2             64  java.lang.reflect.Proxy$Key1
 251:             2             64  java.lang.reflect.WeakCache$CacheValue
 252:             2             64  java.security.BasicPermissionCollection
 253:             4             64  java.util.concurrent.atomic.AtomicInteger
 254:             4             64  java.util.concurrent.locks.ReentrantLock
 255:             2             64  jdk.internal.dynalink.linker.GuardedInvocation
 256:             1             64  jdk.nashorn.internal.objects.NativeError$Constructor
 257:             1             64  jdk.nashorn.internal.objects.NativeError$Prototype
 258:             1             64  jdk.nashorn.internal.objects.NativeFunction$Prototype
 259:             1             64  jdk.nashorn.internal.objects.NativeNumber$Prototype
 260:             1             64  jdk.nashorn.internal.objects.NativeObject$Prototype
 261:             1             64  jdk.nashorn.internal.runtime.Context
 262:             1             64  jdk.nashorn.internal.runtime.Context$ClassCache
 263:             2             64  sun.reflect.UnsafeQualifiedIntegerFieldAccessorImpl
 264:             2             64  sun.reflect.annotation.AnnotationType
 265:             1             56  [Ljava.lang.Runnable;
 266:             1             56  [Lsun.util.logging.PlatformLogger$Level;
 267:             1             56  java.util.logging.ConsoleHandler
 268:             1             56  java.util.logging.LogManager
 269:             1             56  jdk.nashorn.internal.objects.NativeArray$Constructor
 270:             1             56  jdk.nashorn.internal.objects.NativeBoolean$Constructor
 271:             1             56  jdk.nashorn.internal.objects.NativeFunction$Constructor
 272:             1             56  jdk.nashorn.internal.objects.NativeNumber$Constructor
 273:             1             56  jdk.nashorn.internal.objects.NativeReferenceError$Constructor
 274:             1             56  jdk.nashorn.internal.objects.NativeString$Constructor
 275:             1             56  jdk.nashorn.internal.objects.NativeSyntaxError$Constructor
 276:             1             56  jdk.nashorn.internal.objects.NativeTypeError$Constructor
 277:             1             48  [Ljava.lang.invoke.MethodHandleImpl$Intrinsic;
 278:             1             48  [Ljava.util.List;
 279:             1             48  [Ljdk.internal.dynalink.linker.TypeBasedGuardingDynamicLinker;
 280:             1             48  [Ljdk.nashorn.internal.runtime.JSType;
 281:             3             48  com.sun.proxy.$Proxy1
 282:             2             48  java.io.BufferedOutputStream
 283:             1             48  java.io.BufferedReader
 284:             2             48  java.io.File$PathStatus
 285:             2             48  java.lang.reflect.ReflectPermission
 286:             1             48  java.nio.HeapCharBuffer
 287:             2             48  java.nio.charset.CoderResult
 288:             3             48  java.nio.charset.CodingErrorAction
 289:             3             48  java.util.HashMap$EntrySet
 290:             2             48  java.util.zip.ZStreamRef
 291:             1             48  jdk.nashorn.internal.objects.NativeBoolean$Prototype
 292:             1             48  jdk.nashorn.internal.objects.NativeReferenceError$Prototype
 293:             1             48  jdk.nashorn.internal.objects.NativeSyntaxError$Prototype
 294:             1             48  jdk.nashorn.internal.objects.NativeTypeError$Prototype
 295:             2             48  jdk.nashorn.internal.runtime.linker.InvokeByName
 296:             2             48  sun.misc.NativeSignalHandler
 297:             3             48  sun.net.www.protocol.jar.Handler
 298:             1             48  sun.nio.cs.StreamDecoder
 299:             2             48  sun.reflect.NativeMethodAccessorImpl
 300:             1             40  [Ljava.security.Permission;
 301:             1             40  [[Ljava.lang.invoke.LambdaForm$Name;
 302:             1             40  java.io.BufferedInputStream
 303:             1             40  java.util.ResourceBundle$1
 304:             1             40  jdk.internal.dynalink.support.TypeConverterFactory
 305:             1             40  jdk.nashorn.internal.codegen.types.ArrayType
 306:             1             40  jdk.nashorn.internal.codegen.types.BooleanType
 307:             1             40  jdk.nashorn.internal.codegen.types.IntType
 308:             1             40  jdk.nashorn.internal.codegen.types.LongType
 309:             1             40  jdk.nashorn.internal.codegen.types.NumberType
 310:             1             40  jdk.nashorn.internal.codegen.types.Type$1
 311:             1             40  jdk.nashorn.internal.codegen.types.Type$2
 312:             1             40  jdk.nashorn.internal.codegen.types.Type$3
 313:             1             40  jdk.nashorn.internal.codegen.types.Type$4
 314:             1             40  jdk.nashorn.internal.codegen.types.Type$5
 315:             1             40  jdk.nashorn.internal.codegen.types.Type$6
 316:             1             40  jdk.nashorn.internal.codegen.types.Type$7
 317:             1             40  jdk.nashorn.internal.objects.NativeArray
 318:             1             40  sun.nio.cs.StandardCharsets$Aliases
 319:             1             40  sun.nio.cs.StandardCharsets$Cache
 320:             1             40  sun.nio.cs.StandardCharsets$Classes
 321:             1             32  [Ljava.lang.OutOfMemoryError;
 322:             2             32  [Ljava.lang.StackTraceElement;
 323:             1             32  [Ljava.lang.ThreadGroup;
 324:             2             32  [Ljava.lang.annotation.Annotation;
 325:             1             32  [Ljdk.internal.dynalink.linker.GuardingDynamicLinker;
 326:             1             32  [Ljdk.internal.dynalink.linker.GuardingTypeConverterFactory;
 327:             1             32  [Ljdk.nashorn.internal.runtime.Context$FieldMode;
 328:             1             32  [Ljdk.nashorn.internal.runtime.ScriptEnvironment$FunctionStatementBehavior;
 329:             1             32  java.io.FileInputStream
 330:             1             32  java.io.FilePermission
 331:             1             32  java.io.UnixFileSystem
 332:             1             32  java.lang.ArithmeticException
 333:             1             32  java.lang.NullPointerException
 334:             2             32  java.lang.Shutdown$Lock
 335:             1             32  java.lang.StringCoding$StringDecoder
 336:             1             32  java.lang.StringCoding$StringEncoder
 337:             1             32  java.lang.invoke.BoundMethodHandle$Species_I
 338:             1             32  java.lang.reflect.WeakCache
 339:             1             32  java.lang.reflect.WeakCache$CacheKey
 340:             2             32  java.nio.ByteOrder
 341:             1             32  java.util.Collections$SynchronizedMap
 342:             2             32  java.util.Collections$UnmodifiableMap$UnmodifiableEntrySet
 343:             2             32  java.util.HashMap$Values
 344:             2             32  java.util.IdentityHashMap$KeySet
 345:             1             32  java.util.PropertyPermission
 346:             1             32  java.util.Random
 347:             1             32  java.util.concurrent.atomic.AtomicReferenceFieldUpdater$AtomicReferenceFieldUpdaterImpl
 348:             2             32  java.util.jar.Attributes
 349:             1             32  java.util.logging.LogManager$SystemLoggerContext
 350:             1             32  jdk.internal.dynalink.DynamicLinker
 351:             1             32  jdk.internal.dynalink.support.CompositeTypeBasedGuardingDynamicLinker$ClassToLinker
 352:             1             32  jdk.internal.dynalink.support.TypeConverterFactory$1
 353:             1             32  jdk.internal.dynalink.support.TypeConverterFactory$2
 354:             1             32  jdk.internal.dynalink.support.TypeConverterFactory$3
 355:             1             32  jdk.internal.org.objectweb.asm.Handle
 356:             1             32  jdk.nashorn.internal.runtime.ErrorManager
 357:             1             32  jdk.nashorn.internal.runtime.Timing
 358:             2             32  jdk.nashorn.internal.runtime.Undefined
 359:             1             32  jdk.nashorn.internal.runtime.arrays.NonExtensibleArrayFilter
 360:             1             32  jdk.nashorn.internal.runtime.arrays.ObjectArrayData
 361:             1             32  jdk.nashorn.internal.runtime.options.Options
 362:             1             32  sun.nio.cs.StandardCharsets
 363:             1             32  sun.nio.fs.LinuxFileSystem
 364:             1             32  sun.nio.fs.UnixPath
 365:             2             32  sun.reflect.DelegatingMethodAccessorImpl
 366:             1             24  [Ljava.io.File$PathStatus;
 367:             1             24  [Ljdk.internal.dynalink.linker.ConversionComparator;
 368:             1             24  [Lsun.launcher.LauncherHelper;
 369:             1             24  java.io.FilePermissionCollection
 370:             1             24  java.io.InputStreamReader
 371:             1             24  java.lang.Double
 372:             1             24  java.lang.ProcessEnvironment$StringEnvironment
 373:             1             24  java.lang.StringBuilder
 374:             1             24  java.lang.ThreadLocal$ThreadLocalMap
 375:             1             24  java.lang.invoke.DirectMethodHandle$EnsureInitialized
 376:             1             24  java.lang.invoke.MethodHandleImpl$4
 377:             1             24  java.lang.invoke.MethodHandleImpl$ArrayAccessor$1
 378:             1             24  java.lang.invoke.MethodType$ConcurrentWeakInternSet
 379:             1             24  java.util.BitSet
 380:             1             24  java.util.Collections$EmptyMap
 381:             1             24  java.util.Collections$SetFromMap
 382:             1             24  java.util.Collections$SynchronizedSet
 383:             1             24  java.util.Locale$Cache
 384:             1             24  java.util.PropertyPermissionCollection
 385:             1             24  java.util.ResourceBundle$Control$CandidateListCache
 386:             1             24  java.util.jar.Manifest
 387:             1             24  java.util.logging.LogManager$LoggerContext
 388:             1             24  java.util.logging.LoggingPermission
 389:             1             24  jdk.internal.dynalink.beans.BeansLinker$1
 390:             1             24  jdk.internal.dynalink.beans.StaticClassLinker$1
 391:             1             24  jdk.internal.dynalink.linker.GuardedTypeConversion
 392:             1             24  jdk.internal.dynalink.support.DefaultInternalObjectFilter
 393:             1             24  jdk.internal.dynalink.support.LinkerServicesImpl
 394:             1             24  jdk.nashorn.internal.codegen.Namespace
 395:             1             24  jdk.nashorn.internal.runtime.AccessorProperty$1
 396:             1             24  jdk.nashorn.internal.runtime.GlobalConstants
 397:             1             24  jdk.nashorn.internal.runtime.arrays.ArrayData$UntouchedArrayData
 398:             1             24  jdk.nashorn.internal.runtime.linker.NashornBeansLinker$1
 399:             1             24  jdk.nashorn.internal.runtime.linker.NashornCallSiteDescriptor$1
 400:             1             24  jdk.nashorn.internal.runtime.linker.NashornLinker$1
 401:             1             24  jdk.nashorn.internal.runtime.logging.DebugLogger
 402:             1             24  jdk.nashorn.internal.runtime.logging.DebugLogger$1
 403:             1             24  sun.launcher.LauncherHelper
 404:             1             24  sun.nio.cs.ISO_8859_1
 405:             1             24  sun.nio.cs.US_ASCII
 406:             1             24  sun.nio.cs.UTF_16
 407:             1             24  sun.nio.cs.UTF_16BE
 408:             1             24  sun.nio.cs.UTF_16LE
 409:             1             24  sun.nio.cs.UTF_8
 410:             1             24  sun.util.locale.BaseLocale$Cache
 411:             1             16  [D
 412:             1             16  [F
 413:             1             16  [Ljava.lang.Enum;
 414:             1             16  [Ljava.lang.Throwable;
 415:             1             16  [Ljava.security.cert.Certificate;
 416:             1             16  [Ljava.util.logging.Handler;
 417:             1             16  [Z
 418:             1             16  java.beans.Statement$1
 419:             1             16  java.io.FileDescriptor$1
 420:             1             16  java.lang.ApplicationShutdownHooks$1
 421:             1             16  java.lang.CharacterDataLatin1
 422:             1             16  java.lang.Float
 423:             1             16  java.lang.ProcessEnvironment$StringEntrySet
 424:             1             16  java.lang.Runtime
 425:             1             16  java.lang.String$CaseInsensitiveComparator
 426:             1             16  java.lang.System$2
 427:             1             16  java.lang.Terminator$1
 428:             1             16  java.lang.invoke.MemberName$Factory
 429:             1             16  java.lang.invoke.MethodHandleImpl$2
 430:             1             16  java.lang.invoke.MethodHandleImpl$3
 431:             1             16  java.lang.ref.Reference$1
 432:             1             16  java.lang.ref.Reference$Lock
 433:             1             16  java.lang.reflect.Proxy$KeyFactory
 434:             1             16  java.lang.reflect.Proxy$ProxyClassFactory
 435:             1             16  java.lang.reflect.ReflectAccess
 436:             1             16  java.net.URLClassLoader$7
 437:             1             16  java.nio.Bits$1
 438:             1             16  java.nio.charset.CoderResult$1
 439:             1             16  java.nio.charset.CoderResult$2
 440:             1             16  java.security.ProtectionDomain$2
 441:             1             16  java.security.ProtectionDomain$JavaSecurityAccessImpl
 442:             1             16  java.util.Collections$EmptyIterator
 443:             1             16  java.util.Collections$EmptyList
 444:             1             16  java.util.Collections$EmptySet
 445:             1             16  java.util.Collections$UnmodifiableSet
 446:             1             16  java.util.EnumMap$1
 447:             1             16  java.util.HashMap$KeySet
 448:             1             16  java.util.Hashtable$EntrySet
 449:             1             16  java.util.IdentityHashMap$EntrySet
 450:             1             16  java.util.ResourceBundle$Control
 451:             1             16  java.util.TreeMap$KeySet
 452:             1             16  java.util.TreeSet
 453:             1             16  java.util.WeakHashMap$KeySet
 454:             1             16  java.util.concurrent.atomic.AtomicBoolean
 455:             1             16  java.util.jar.JavaUtilJarAccessImpl
 456:             1             16  java.util.logging.ErrorManager
 457:             1             16  java.util.logging.LoggingProxyImpl
 458:             1             16  java.util.regex.Pattern$4
 459:             1             16  java.util.regex.Pattern$LastNode
 460:             1             16  java.util.regex.Pattern$Node
 461:             1             16  java.util.zip.ZipFile$1
 462:             1             16  jdk.internal.dynalink.beans.BeansLinker
 463:             1             16  jdk.internal.dynalink.beans.StaticClassLinker
 464:             1             16  jdk.internal.dynalink.support.CompositeGuardingDynamicLinker
 465:             1             16  jdk.internal.dynalink.support.CompositeTypeBasedGuardingDynamicLinker
 466:             1             16  jdk.internal.dynalink.support.Lookup
 467:             1             16  jdk.nashorn.internal.lookup.MethodHandleFactory$StandardMethodHandleFunctionality
 468:             1             16  jdk.nashorn.internal.objects.annotations.SpecializedFunction$LinkLogic$Empty
 469:             1             16  jdk.nashorn.internal.runtime.linker.Bootstrap$1
 470:             1             16  jdk.nashorn.internal.runtime.linker.Bootstrap$2
 471:             1             16  jdk.nashorn.internal.runtime.linker.BoundCallableLinker
 472:             1             16  jdk.nashorn.internal.runtime.linker.BrowserJSObjectLinker
 473:             1             16  jdk.nashorn.internal.runtime.linker.JSObjectLinker
 474:             1             16  jdk.nashorn.internal.runtime.linker.JavaSuperAdapterLinker
 475:             1             16  jdk.nashorn.internal.runtime.linker.NashornBeansLinker
 476:             1             16  jdk.nashorn.internal.runtime.linker.NashornBottomLinker
 477:             1             16  jdk.nashorn.internal.runtime.linker.NashornLinker
 478:             1             16  jdk.nashorn.internal.runtime.linker.NashornPrimitiveLinker
 479:             1             16  jdk.nashorn.internal.runtime.linker.NashornStaticClassLinker
 480:             1             16  jdk.nashorn.internal.runtime.linker.ReflectionCheckLinker
 481:             1             16  jdk.nashorn.internal.runtime.logging.DebugLogger$1$1
 482:             1             16  jdk.nashorn.tools.Shell
 483:             1             16  sun.misc.ASCIICaseInsensitiveComparator
 484:             1             16  sun.misc.Launcher
 485:             1             16  sun.misc.Launcher$Factory
 486:             1             16  sun.misc.Perf
 487:             1             16  sun.misc.Unsafe
 488:             1             16  sun.net.www.protocol.file.Handler
 489:             1             16  sun.net.www.protocol.jar.JarFileFactory
 490:             1             16  sun.nio.fs.LinuxFileSystemProvider
 491:             1             16  sun.reflect.ReflectionFactory
 492:             1             16  sun.util.calendar.Gregorian
 493:             1             16  sun.util.locale.InternalLocaleBuilder$CaseInsensitiveChar
Total         35834        1818328
