docker exec demoattach jcmd 1 GC.class_histogram
1:
 num     #instances         #bytes  class name (module)
-------------------------------------------------------
   1:         18729        1071464  [B (java.base@11.0.8)
   2:         17771         426504  java.lang.String (java.base@11.0.8)
   3:          2814         338568  java.lang.Class (java.base@11.0.8)
   4:          4208         244696  [Ljava.lang.Object; (java.base@11.0.8)
   5:          5844         187008  java.util.HashMap$Node (java.base@11.0.8)
   6:          4243         135776  java.util.concurrent.ConcurrentHashMap$Node (java.base@11.0.8)
   7:          1259         112464  [Ljava.util.HashMap$Node; (java.base@11.0.8)
   8:          1623          64920  java.util.LinkedHashMap$Entry (java.base@11.0.8)
   9:           706          62128  java.lang.reflect.Method (java.base@11.0.8)
  10:          2584          62016  java.util.Collections$SingletonList (java.base@11.0.8)
  11:          1195          57360  java.lang.invoke.MemberName (java.base@11.0.8)
  12:           984          50824  [I (java.base@11.0.8)
  13:           953          45744  java.util.HashMap (java.base@11.0.8)
  14:          1413          45216  jdk.jfr.AnnotationElement (jdk.jfr@11.0.8)
  15:           122          44800  [Ljava.util.concurrent.ConcurrentHashMap$Node; (java.base@11.0.8)
  16:          1231          36840  [Ljava.lang.Class; (java.base@11.0.8)
  17:            40          35496  [C (java.base@11.0.8)
  18:          1416          33984  java.util.ArrayList (java.base@11.0.8)
  19:           812          32480  java.lang.invoke.MethodType (java.base@11.0.8)
  20:           845          31944  [Ljava.lang.String; (java.base@11.0.8)
  21:          1095          26280  jdk.jfr.internal.AnnotationConstruct (jdk.jfr@11.0.8)
  22:           816          26112  java.lang.invoke.MethodType$ConcurrentWeakInternSet$WeakEntry (java.base@11.0.8)
  23:           352          23936  [Ljava.lang.ref.SoftReference; (java.base@11.0.8)
  24:           422          23632  java.util.LinkedHashMap (java.base@11.0.8)
  25:           737          23584  java.lang.invoke.LambdaForm$Name (java.base@11.0.8)
  26:           581          23240  java.lang.ref.SoftReference (java.base@11.0.8)
  27:           623          19936  java.lang.invoke.LambdaForm$NamedFunction (java.base@11.0.8)
  28:           598          19136  jdk.jfr.ValueDescriptor (jdk.jfr@11.0.8)
  29:           769          18456  java.lang.invoke.ResolvedMethodName (java.base@11.0.8)
  30:           359          14360  java.lang.invoke.DirectMethodHandle$Accessor (java.base@11.0.8)
  31:           405          12960  java.lang.invoke.DirectMethodHandle (java.base@11.0.8)
  32:           136          11968  jdk.jfr.internal.PlatformEventType (jdk.jfr@11.0.8)
  33:           207          11592  java.lang.invoke.MethodTypeForm (java.base@11.0.8)
  34:           274          10960  [Ljava.util.HashSet; (java.base@11.0.8)
  35:           341          10912  jdk.internal.math.FDBigInteger (java.base@11.0.8)
  36:           440          10560  java.lang.Long (java.base@11.0.8)
  37:           156           9984  java.util.concurrent.ConcurrentHashMap (java.base@11.0.8)
  38:           390           9360  java.lang.module.ModuleDescriptor$Exports (java.base@11.0.8)
  39:           389           9336  java.util.Collections$UnmodifiableRandomAccessList (java.base@11.0.8)
  40:           274           8768  jdk.jfr.SettingDescriptor (jdk.jfr@11.0.8)
  41:           151           8648  [Ljava.lang.invoke.LambdaForm$Name; (java.base@11.0.8)
  42:           104           8320  java.lang.reflect.Constructor (java.base@11.0.8)
  43:           479           7664  java.util.HashSet (java.base@11.0.8)
  44:           146           7008  java.lang.invoke.LambdaForm (java.base@11.0.8)
  45:            18           6768  java.lang.Thread (java.base@11.0.8)
  46:           164           6560  java.util.TreeMap$Entry (java.base@11.0.8)
  47:           188           6016  java.lang.module.ModuleDescriptor$Requires (java.base@11.0.8)
  48:           250           6000  java.util.ImmutableCollections$Set12 (java.base@11.0.8)
  49:           249           5976  javax.management.ImmutableDescriptor (java.management@11.0.8)
  50:            94           5888  [Ljava.lang.invoke.MethodHandle; (java.base@11.0.8)
  51:            71           5680  java.net.URI (java.base@11.0.8)
  52:           136           5440  jdk.jfr.internal.settings.EnabledSetting (jdk.jfr@11.0.8)
  53:           132           5280  java.util.WeakHashMap$Entry (java.base@11.0.8)
  54:           323           5168  java.lang.Object (java.base@11.0.8)
  55:           210           5040  sun.reflect.annotation.AnnotationInvocationHandler (java.base@11.0.8)
  56:            25           4920  [J (java.base@11.0.8)
  57:           153           4896  com.sun.jmx.mbeanserver.ConvertingMethod (java.management@11.0.8)
  58:           295           4720  java.lang.Integer (java.base@11.0.8)
  59:           295           4720  java.util.HashMap$KeySet (java.base@11.0.8)
  60:            73           4672  java.lang.module.ModuleDescriptor (java.base@11.0.8)
  61:           136           4352  jdk.jfr.internal.EventControl (jdk.jfr@11.0.8)
  62:           136           4352  jdk.jfr.internal.SettingsManager$InternalSetting (jdk.jfr@11.0.8)
  63:            87           4176  jdk.jfr.internal.Type (jdk.jfr@11.0.8)
  64:            65           4160  java.net.URL (java.base@11.0.8)
  65:             1           4112  [Ljava.nio.ByteBuffer; (java.base@11.0.8)
  66:           256           4096  java.lang.Byte (java.base@11.0.8)
  67:           168           4032  jdk.jfr.internal.settings.BooleanValue (jdk.jfr@11.0.8)
  68:           125           4000  java.lang.invoke.BoundMethodHandle$Species_L (java.base@11.0.8)
  69:           123           3936  java.lang.ref.WeakReference (java.base@11.0.8)
  70:            70           3920  jdk.internal.module.ModuleReferenceImpl (java.base@11.0.8)
  71:           160           3840  java.util.ImmutableCollections$SetN (java.base@11.0.8)
  72:           151           3624  jdk.internal.module.ServicesCatalog$ServiceProvider (java.base@11.0.8)
  73:            90           3600  java.math.BigInteger (java.base@11.0.8)
  74:            36           3488  [Ljava.util.WeakHashMap$Entry; (java.base@11.0.8)
  75:           164           3288  [Lcom.sun.jmx.mbeanserver.MXBeanMapping; (java.management@11.0.8)
  76:            68           3264  java.util.logging.LogManager$LoggerWeakRef (java.logging@11.0.8)
  77:           136           3264  jdk.jfr.EventType (jdk.jfr@11.0.8)
  78:            58           3248  java.lang.Module (java.base@11.0.8)
  79:            80           3200  com.sun.management.internal.DiagnosticCommandArgumentInfo (jdk.management@11.0.8)
  80:            80           3200  java.io.ObjectStreamField (java.base@11.0.8)
  81:            49           3136  javax.management.openmbean.OpenMBeanAttributeInfoSupport (java.management@11.0.8)
  82:           182           2912  java.util.HashMap$EntrySet (java.base@11.0.8)
  83:            54           2824  [Ljavax.management.MBeanAttributeInfo; (java.management@11.0.8)
  84:           114           2736  java.util.ImmutableCollections$List12 (java.base@11.0.8)
  85:            53           2544  javax.management.MBeanInfo (java.management@11.0.8)
  86:            61           2440  java.lang.invoke.BoundMethodHandle$Species_LL (java.base@11.0.8)
  87:            50           2400  sun.util.locale.LocaleObjectCache$CacheEntry (java.base@11.0.8)
  88:            41           2296  java.security.Provider$Service (java.base@11.0.8)
  89:            95           2280  java.security.Provider$ServiceKey (java.base@11.0.8)
  90:            57           2280  jdk.jfr.internal.settings.PeriodSetting (jdk.jfr@11.0.8)
  91:           138           2208  java.util.ImmutableCollections$ListN (java.base@11.0.8)
  92:            91           2184  java.util.concurrent.CopyOnWriteArrayList (java.base@11.0.8)
  93:            68           2176  java.util.logging.LogManager$LogNode (java.logging@11.0.8)
  94:            44           2112  java.lang.invoke.BoundMethodHandle$SpeciesData (java.base@11.0.8)
  95:            66           2112  java.lang.invoke.LambdaForm$Kind (java.base@11.0.8)
  96:            65           2080  sun.nio.fs.UnixPath (java.base@11.0.8)
  97:           128           2048  java.lang.Character (java.base@11.0.8)
  98:            32           2048  java.lang.invoke.BoundMethodHandle$Species_LLLLLLIIL (java.base@11.0.8)
  99:            64           2048  java.lang.ref.ReferenceQueue (java.base@11.0.8)
 100:            63           2016  javax.management.MBeanAttributeInfo (java.management@11.0.8)
 101:            83           1992  java.lang.Class$AnnotationData (java.base@11.0.8)
 102:            41           1968  com.sun.management.internal.DiagnosticCommandInfo (jdk.management@11.0.8)
 103:            49           1960  java.security.CodeSource (java.base@11.0.8)
 104:            48           1920  jdk.jfr.internal.settings.ThresholdSetting (jdk.jfr@11.0.8)
 105:            44           1760  [Ljava.lang.invoke.BoundMethodHandle$SpeciesData; (java.base@11.0.8)
 106:            25           1752  [Ljava.util.Hashtable$Entry; (java.base@11.0.8)
 107:            43           1720  java.security.AccessControlContext (java.base@11.0.8)
 108:            70           1680  jdk.internal.module.SystemModuleFinders$2 (java.base@11.0.8)
 109:            68           1632  java.lang.module.ModuleDescriptor$Provides (java.base@11.0.8)
 110:            33           1584  java.time.temporal.ValueRange (java.base@11.0.8)
 111:             1           1568  [[B (java.base@11.0.8)
 112:            97           1552  java.util.Collections$UnmodifiableSet (java.base@11.0.8)
 113:            38           1520  java.io.FileDescriptor (java.base@11.0.8)
 114:            38           1520  javax.management.MBeanOperationInfo (java.management@11.0.8)
 115:            63           1512  java.lang.RuntimePermission (java.base@11.0.8)
 116:            59           1416  jdk.jfr.internal.SecuritySupport$SafePath (jdk.jfr@11.0.8)
 117:            29           1392  java.util.TreeMap (java.base@11.0.8)
 118:            29           1392  java.util.WeakHashMap (java.base@11.0.8)
 119:            58           1392  jdk.internal.loader.AbstractClassLoaderValue$Sub (java.base@11.0.8)
 120:             1           1376  [Ljdk.internal.math.FDBigInteger; (java.base@11.0.8)
 121:            43           1376  jdk.jfr.internal.RequestEngine$RequestHook (jdk.jfr@11.0.8)
 122:            34           1360  java.lang.invoke.MethodHandleImpl$AsVarargsCollector (java.base@11.0.8)
 123:            42           1344  javax.management.MBeanParameterInfo (java.management@11.0.8)
 124:            44           1320  [Ljavax.management.MBeanOperationInfo; (java.management@11.0.8)
 125:            55           1312  [Ljavax.management.ObjectName$Property; (java.management@11.0.8)
 126:            41           1312  com.sun.management.internal.DiagnosticCommandImpl$Wrapper (jdk.management@11.0.8)
 127:            27           1296  jdk.jfr.internal.RepositoryChunk (jdk.jfr@11.0.8)
 128:            40           1280  java.util.PropertyPermission (java.base@11.0.8)
 129:            32           1280  jdk.jfr.internal.settings.StackTraceSetting (jdk.jfr@11.0.8)
 130:            53           1272  sun.reflect.generics.tree.SimpleClassTypeSignature (java.base@11.0.8)
 131:            22           1232  java.util.logging.Logger (java.logging@11.0.8)
 132:            16           1216  [S (java.base@11.0.8)
 133:            30           1200  java.lang.invoke.DirectMethodHandle$Special (java.base@11.0.8)
 134:            30           1200  java.time.temporal.ChronoField (java.base@11.0.8)
 135:            25           1200  java.util.Hashtable (java.base@11.0.8)
 136:            38           1184  [Ljava.math.BigInteger; (java.base@11.0.8)
 137:            29           1160  java.lang.ref.Finalizer (java.base@11.0.8)
 138:            48           1152  java.security.Provider$UString (java.base@11.0.8)
 139:            34           1088  java.util.LinkedList (java.base@11.0.8)
 140:            27           1080  java.lang.WeakPairMap$Pair$Weak (java.base@11.0.8)
 141:            19           1064  javax.management.openmbean.ArrayType (java.management@11.0.8)
 142:             2           1056  [Ljava.util.TimerTask; (java.base@11.0.8)
 143:            66           1056  java.lang.ref.ReferenceQueue$Lock (java.base@11.0.8)
 144:            44           1056  java.util.Arrays$ArrayList (java.base@11.0.8)
 145:             1           1040  [Ljava.lang.Byte; (java.base@11.0.8)
 146:             1           1040  [Ljava.lang.Integer; (java.base@11.0.8)
 147:             1           1040  [Ljava.lang.Long; (java.base@11.0.8)
 148:            26           1040  java.security.ProtectionDomain (java.base@11.0.8)
 149:            65           1040  jdk.internal.module.SystemModuleFinders$3 (java.base@11.0.8)
 150:            43           1032  javax.management.ObjectName$Property (java.management@11.0.8)
 151:            41           1024  [Lcom.sun.management.internal.DiagnosticCommandArgumentInfo; (jdk.management@11.0.8)
 152:            53           1000  [Lsun.reflect.generics.tree.TypeArgument; (java.base@11.0.8)
 153:            31            992  java.lang.invoke.VarHandle$AccessMode (java.base@11.0.8)
 154:            41            984  com.sun.jmx.mbeanserver.PerInterface$MethodAndSig (java.management@11.0.8)
 155:            11            968  jdk.internal.reflect.DelegatingClassLoader (java.base@11.0.8)
 156:            30            960  java.security.Provider$EngineDescription (java.base@11.0.8)
 157:            28            936  [Ljava.time.format.DateTimeFormatterBuilder$DateTimePrinterParser; (java.base@11.0.8)
 158:            23            920  com.sun.jmx.mbeanserver.MXBeanSupport (java.management@11.0.8)
 159:            23            920  java.util.logging.Logger$ConfigurationData (java.logging@11.0.8)
 160:            37            904  [Ljavax.management.MBeanParameterInfo; (java.management@11.0.8)
 161:            28            896  javax.management.ObjectName (java.management@11.0.8)
 162:            37            888  java.lang.module.ResolvedModule (java.base@11.0.8)
 163:            37            888  jdk.internal.loader.BuiltinClassLoader$LoadedModule (java.base@11.0.8)
 164:            37            888  jdk.internal.module.SystemModuleFinders$SystemModuleReader (java.base@11.0.8)
 165:             6            864  [Ljava.lang.invoke.MemberName; (java.base@11.0.8)
 166:            27            864  java.io.RandomAccessFile (java.base@11.0.8)
 167:            27            864  java.lang.WeakPairMap$Pair$Weak$1 (java.base@11.0.8)
 168:            27            864  jdk.internal.org.objectweb.asm.Type (java.base@11.0.8)
 169:            53            848  sun.reflect.generics.tree.ClassTypeSignature (java.base@11.0.8)
 170:            35            840  java.lang.management.ManagementPermission (java.management@11.0.8)
 171:             4            832  [Z (java.base@11.0.8)
 172:            27            800  [Ljava.lang.annotation.ElementType; (java.base@11.0.8)
 173:            25            800  java.time.format.DateTimeFormatterBuilder$NumberPrinterParser (java.base@11.0.8)
 174:            25            800  java.util.Locale (java.base@11.0.8)
 175:            25            800  sun.util.locale.BaseLocale (java.base@11.0.8)
 176:            25            800  sun.util.locale.BaseLocale$Key (java.base@11.0.8)
 177:            14            784  javax.management.openmbean.OpenMBeanParameterInfoSupport (java.management@11.0.8)
 178:            25            768  [Ljava.io.ObjectStreamField; (java.base@11.0.8)
 179:            32            768  com.sun.jmx.mbeanserver.DefaultMXBeanMappingFactory$IdentityMapping (java.management@11.0.8)
 180:            24            768  com.sun.jmx.mbeanserver.WeakIdentityHashMap$IdentityWeakReference (java.management@11.0.8)
 181:             2            768  java.util.TimerThread (java.base@11.0.8)
 182:             2            768  jdk.internal.misc.InnocuousThread (java.base@11.0.8)
 183:            24            768  sun.reflect.annotation.AnnotationType (java.base@11.0.8)
 184:            13            728  javax.management.openmbean.CompositeType (java.management@11.0.8)
 185:            30            720  java.time.Instant (java.base@11.0.8)
 186:            18            720  sun.reflect.generics.repository.MethodRepository (java.base@11.0.8)
 187:            30            720  sun.security.provider.PolicyFile$PolicyEntry (java.base@11.0.8)
 188:            29            696  jdk.internal.reflect.NativeConstructorAccessorImpl (java.base@11.0.8)
 189:            28            672  java.time.format.DateTimeFormatterBuilder$CompositePrinterParser (java.base@11.0.8)
 190:             6            664  [D (java.base@11.0.8)
 191:            30            664  [Ljava.lang.reflect.Type; (java.base@11.0.8)
 192:            16            640  java.time.format.DateTimeFormatter (java.base@11.0.8)
 193:            40            640  jdk.internal.reflect.DelegatingConstructorAccessorImpl (java.base@11.0.8)
 194:             3            624  [Ljava.lang.invoke.LambdaForm; (java.base@11.0.8)
 195:            26            624  java.lang.invoke.Invokers (java.base@11.0.8)
 196:            26            624  jdk.internal.org.objectweb.asm.commons.Method (java.base@11.0.8)
 197:            19            608  java.lang.invoke.VarHandle$AccessDescriptor (java.base@11.0.8)
 198:            19            608  java.util.Vector (java.base@11.0.8)
 199:             5            600  [Ljava.lang.ClassValue$Entry; (java.base@11.0.8)
 200:            25            600  com.sun.jmx.mbeanserver.NamedObject (java.management@11.0.8)
 201:            15            600  java.lang.invoke.VarHandleObjects$FieldInstanceReadWrite (java.base@11.0.8)
 202:            25            600  java.time.LocalTime (java.base@11.0.8)
 203:            37            592  java.util.LinkedHashMap$LinkedValues (java.base@11.0.8)
 204:             6            576  java.net.SocksSocketImpl (java.base@11.0.8)
 205:            18            576  sun.reflect.generics.tree.MethodTypeSignature (java.base@11.0.8)
 206:             7            560  java.util.concurrent.TimeUnit (java.base@11.0.8)
 207:            14            560  javax.management.openmbean.SimpleType (java.management@11.0.8)
 208:             1            528  [Ljava.lang.Character; (java.base@11.0.8)
 209:            11            528  com.sun.jmx.mbeanserver.DefaultMXBeanMappingFactory$CompositeMapping (java.management@11.0.8)
 210:            22            528  java.util.LinkedList$Node (java.base@11.0.8)
 211:            13            520  com.sun.jmx.mbeanserver.PerInterface (java.management@11.0.8)
 212:            32            512  com.sun.proxy.$Proxy8
 213:            16            512  java.lang.ThreadLocal$ThreadLocalMap$Entry (java.base@11.0.8)
 214:            16            512  java.time.temporal.ChronoUnit (java.base@11.0.8)
 215:            21            504  java.util.AbstractMap$SimpleImmutableEntry (java.base@11.0.8)
 216:             7            496  [Lsun.invoke.util.Wrapper; (java.base@11.0.8)
 217:            11            488  [Ljava.lang.reflect.Method; (java.base@11.0.8)
 218:            15            480  java.security.Permissions (java.base@11.0.8)
 219:            15            480  jdk.jfr.internal.EventWriterMethod (jdk.jfr@11.0.8)
 220:            10            480  sun.invoke.util.Wrapper (java.base@11.0.8)
 221:            20            480  sun.reflect.generics.factory.CoreReflectionFactory (java.base@11.0.8)
 222:            19            456  [Ljava.security.ProtectionDomain; (java.base@11.0.8)
 223:            19            456  java.security.SecurityPermission (java.base@11.0.8)
 224:            19            456  java.time.Duration (java.base@11.0.8)
 225:             8            448  sun.management.MemoryPoolImpl (java.management@11.0.8)
 226:            20            440  [Ljavax.management.MBeanNotificationInfo; (java.management@11.0.8)
 227:            27            432  java.util.concurrent.atomic.AtomicBoolean (java.base@11.0.8)
 228:            18            432  sun.reflect.generics.reflectiveObjects.ParameterizedTypeImpl (java.base@11.0.8)
 229:            18            432  sun.reflect.generics.scope.MethodScope (java.base@11.0.8)
 230:            26            416  [Ljava.security.Principal; (java.base@11.0.8)
 231:            26            416  com.sun.proxy.$Proxy2
 232:            26            416  com.sun.proxy.$Proxy9
 233:            26            416  java.security.ProtectionDomain$Key (java.base@11.0.8)
 234:            17            408  javax.management.StandardMBean (java.management@11.0.8)
 235:            25            400  com.sun.proxy.$Proxy5
 236:            10            400  java.lang.IllegalArgumentException (java.base@11.0.8)
 237:            10            400  java.lang.OutOfMemoryError (java.base@11.0.8)
 238:            24            384  com.sun.proxy.$Proxy4
 239:             1            384  java.lang.ref.Finalizer$FinalizerThread (java.base@11.0.8)
 240:             1            384  java.util.logging.LogManager$Cleaner (java.logging@11.0.8)
 241:            12            384  sun.security.jca.ProviderConfig (java.base@11.0.8)
 242:             1            376  java.lang.ref.Reference$ReferenceHandler (java.base@11.0.8)
 243:            23            368  jdk.jfr.internal.StringPool (jdk.jfr@11.0.8)
 244:            21            360  [Lsun.reflect.generics.tree.FieldTypeSignature; (java.base@11.0.8)
 245:            15            360  java.util.concurrent.atomic.AtomicLong (java.base@11.0.8)
 246:             9            360  sun.rmi.transport.tcp.TCPEndpoint (java.rmi@11.0.8)
 247:             8            352  [Ljava.lang.invoke.MethodType; (java.base@11.0.8)
 248:            21            352  [Lsun.reflect.generics.tree.FormalTypeParameter; (java.base@11.0.8)
 249:            11            352  java.io.ObjectStreamClass$WeakClassKey (java.base@11.0.8)
 250:            22            352  java.time.format.DateTimeFormatterBuilder$CharLiteralPrinterParser (java.base@11.0.8)
 251:             4            352  java.util.regex.Pattern (java.base@11.0.8)
 252:            11            352  jdk.jfr.internal.LogTag (jdk.jfr@11.0.8)
 253:            21            336  java.util.LinkedHashMap$LinkedEntrySet (java.base@11.0.8)
 254:             6            336  java.util.Properties (java.base@11.0.8)
 255:            18            328  [Lsun.reflect.generics.tree.TypeSignature; (java.base@11.0.8)
 256:             4            320  java.lang.invoke.BoundMethodHandle$Species_LLLLLLLLLIILL (java.base@11.0.8)
 257:             8            320  java.lang.invoke.DirectMethodHandle$Interface (java.base@11.0.8)
 258:             5            320  java.nio.DirectByteBufferR (java.base@11.0.8)
 259:            10            320  java.util.Hashtable$Entry (java.base@11.0.8)
 260:             8            320  sun.management.MemoryPoolImpl$CollectionSensor (java.management@11.0.8)
 261:             8            320  sun.management.MemoryPoolImpl$PoolSensor (java.management@11.0.8)
 262:            17            312  [Ljavax.management.MBeanConstructorInfo; (java.management@11.0.8)
 263:             3            304  [Ljava.lang.ThreadLocal$ThreadLocalMap$Entry; (java.base@11.0.8)
 264:            19            304  com.sun.proxy.$Proxy11
 265:            12            288  java.io.ExpiringCache$Entry (java.base@11.0.8)
 266:            12            288  java.net.StandardSocketOptions$StdSocketOption (java.base@11.0.8)
 267:             9            288  java.rmi.server.UID (java.rmi@11.0.8)
 268:             4            288  java.util.ResourceBundle$CacheKey (java.base@11.0.8)
 269:            18            288  java.util.concurrent.atomic.AtomicInteger (java.base@11.0.8)
 270:             9            288  java.util.logging.Level (java.logging@11.0.8)
 271:             9            288  java.util.logging.Level$KnownLevel (java.logging@11.0.8)
 272:             9            288  javax.management.MBeanNotificationInfo (java.management@11.0.8)
 273:             1            280  [Ljava.lang.invoke.LambdaForm$Kind; (java.base@11.0.8)
 274:             5            280  java.net.SocketPermission (java.base@11.0.8)
 275:             5            280  sun.util.calendar.ZoneInfo (java.base@11.0.8)
 276:            17            272  sun.invoke.util.ValueConversions$WrapperCache (java.base@11.0.8)
 277:            11            264  java.lang.NamedPackage (java.base@11.0.8)
 278:            11            264  java.lang.annotation.ElementType (java.base@11.0.8)
 279:            11            264  java.lang.invoke.MethodHandleImpl$Intrinsic (java.base@11.0.8)
 280:             4            256  java.lang.ClassValue$ClassValueMap (java.base@11.0.8)
 281:             8            256  java.lang.reflect.ProxyGenerator$PrimitiveTypeInfo (java.base@11.0.8)
 282:             8            256  java.security.BasicPermissionCollection (java.base@11.0.8)
 283:             8            256  java.util.ResourceBundle$KeyElementReference (java.base@11.0.8)
 284:            16            256  sun.util.logging.internal.LoggingProviderImpl$JULWrapper (java.logging@11.0.8)
 285:             6            240  java.lang.ClassLoader$NativeLibrary (java.base@11.0.8)
 286:             3            240  java.lang.invoke.BoundMethodHandle$Species_LLLLLLLLIILL (java.base@11.0.8)
 287:             3            240  java.lang.invoke.BoundMethodHandle$Species_LLLLLLLLLLLLL (java.base@11.0.8)
 288:             5            240  java.net.URLPermission (java.base@11.0.8)
 289:            10            240  java.nio.charset.CoderResult (java.base@11.0.8)
 290:            10            240  java.nio.file.StandardOpenOption (java.base@11.0.8)
 291:            15            240  java.util.Collections$SingletonSet (java.base@11.0.8)
 292:             6            240  java.util.IdentityHashMap (java.base@11.0.8)
 293:             5            240  sun.nio.cs.UTF_8$Encoder (java.base@11.0.8)
 294:             5            240  sun.util.resources.Bundles$BundleReference (java.base@11.0.8)
 295:             5            224  [Ljava.lang.invoke.LambdaForm$NamedFunction; (java.base@11.0.8)
 296:            14            224  com.sun.proxy.$Proxy19
 297:             7            224  java.lang.ClassValue$Entry (java.base@11.0.8)
 298:             7            224  java.net.InetAddress$InetAddressHolder (java.base@11.0.8)
 299:            14            224  java.rmi.server.Operation (java.rmi@11.0.8)
 300:             7            224  java.util.Collections$SynchronizedMap (java.base@11.0.8)
 301:             7            224  java.util.Collections$UnmodifiableMap (java.base@11.0.8)
 302:             7            224  sun.rmi.transport.LiveRef (java.rmi@11.0.8)
 303:             4            224  sun.rmi.transport.Target (java.rmi@11.0.8)
 304:             3            216  java.lang.invoke.BoundMethodHandle$Species_LLLLLLLIIL (java.base@11.0.8)
 305:             9            216  java.net.NetPermission (java.base@11.0.8)
 306:             3            216  java.util.regex.Matcher (java.base@11.0.8)
 307:             9            216  sun.rmi.runtime.Log$LoggerLog (java.rmi@11.0.8)
 308:             3            216  sun.security.provider.NativePRNG$RandomIO (java.base@11.0.8)
 309:             9            216  sun.util.logging.PlatformLogger$Level (java.base@11.0.8)
 310:             5            200  java.io.FilePermission (java.base@11.0.8)
 311:             5            200  java.util.EnumMap (java.base@11.0.8)
 312:             5            200  java.util.stream.StreamOpFlag (java.base@11.0.8)
 313:             6            192  com.sun.jmx.mbeanserver.DefaultMXBeanMappingFactory$CollectionMapping (java.management@11.0.8)
 314:             4            192  java.lang.ThreadGroup (java.base@11.0.8)
 315:             3            192  java.lang.invoke.BoundMethodHandle$Species_LLLLLLII (java.base@11.0.8)
 316:             6            192  java.lang.invoke.LambdaForm$BasicType (java.base@11.0.8)
 317:             6            192  java.lang.invoke.VarHandleInts$FieldInstanceReadWrite (java.base@11.0.8)
 318:             4            192  java.nio.HeapByteBuffer (java.base@11.0.8)
 319:             6            192  java.time.format.TextStyle (java.base@11.0.8)
 320:             4            192  java.util.ResourceBundle$BundleReference (java.base@11.0.8)
 321:             6            192  java.util.regex.Pattern$Branch (java.base@11.0.8)
 322:             4            192  jdk.internal.ref.CleanerImpl$PhantomCleanableRef (java.base@11.0.8)
 323:             4            192  sun.nio.cs.StreamEncoder (java.base@11.0.8)
 324:             4            176  [Ljava.lang.Thread; (java.base@11.0.8)
 325:            11            176  jdk.internal.reflect.BootstrapConstructorAccessorImpl (java.base@11.0.8)
 326:             1            168  [[Ljava.math.BigInteger; (java.base@11.0.8)
 327:             7            168  com.sun.jmx.remote.util.ClassLogger (java.management@11.0.8)
 328:             3            168  java.io.FileCleanable (java.base@11.0.8)
 329:             7            168  java.lang.System$Logger$Level (java.base@11.0.8)
 330:             7            168  java.rmi.server.ObjID (java.rmi@11.0.8)
 331:             7            168  java.util.regex.Pattern$BmpCharPropertyGreedy (java.base@11.0.8)
 332:             7            168  java.util.regex.Pattern$GroupHead (java.base@11.0.8)
 333:             7            168  java.util.regex.Pattern$GroupTail (java.base@11.0.8)
 334:             3            168  javax.management.openmbean.OpenMBeanOperationInfoSupport (java.management@11.0.8)
 335:             7            168  sun.management.counter.Units (java.management@11.0.8)
 336:             3            160  [Ljava.util.logging.Level; (java.logging@11.0.8)
 337:             2            160  [[Ljava.lang.String; (java.base@11.0.8)
 338:             5            160  java.io.File (java.base@11.0.8)
 339:            10            160  java.lang.ThreadLocal (java.base@11.0.8)
 340:             2            160  java.lang.invoke.BoundMethodHandle$Species_LLLLLLLLLLIIL (java.base@11.0.8)
 341:             5            160  java.lang.invoke.VarHandle$AccessType (java.base@11.0.8)
 342:             5            160  java.net.HostPortrange (java.base@11.0.8)
 343:            10            160  java.util.Formatter$Flags (java.base@11.0.8)
 344:             5            160  java.util.ImmutableCollections$MapN (java.base@11.0.8)
 345:             5            160  java.util.RegularEnumSet (java.base@11.0.8)
 346:             5            160  javax.management.StandardEmitterMBean (java.management@11.0.8)
 347:             4            160  sun.rmi.transport.WeakRef (java.rmi@11.0.8)
 348:             5            160  sun.util.locale.provider.LocaleProviderAdapter$Type (java.base@11.0.8)
 349:             5            160  sun.util.resources.Bundles$CacheKey (java.base@11.0.8)
 350:             1            144  [Ljava.lang.invoke.VarHandle$AccessMode; (java.base@11.0.8)
 351:             6            144  [Ljava.util.regex.Pattern$Node; (java.base@11.0.8)
 352:             6            144  java.lang.Thread$State (java.base@11.0.8)
 353:             6            144  java.lang.invoke.StringConcatFactory$Strategy (java.base@11.0.8)
 354:             6            144  java.lang.invoke.VarForm (java.base@11.0.8)
 355:             3            144  java.net.SocketCleanable (java.base@11.0.8)
 356:             6            144  java.net.SocketPermissionCollection (java.base@11.0.8)
 357:             3            144  java.time.temporal.JulianFields$Field (java.base@11.0.8)
 358:             9            144  java.util.concurrent.ConcurrentHashMap$ValuesView (java.base@11.0.8)
 359:             6            144  java.util.regex.Pattern$BmpCharProperty (java.base@11.0.8)
 360:             1            136  [Ljava.time.temporal.ChronoField; (java.base@11.0.8)
 361:             4            136  [Lsun.invoke.util.ValueConversions$WrapperCache; (java.base@11.0.8)
 362:             4            128  [Ljava.rmi.server.Operation; (java.rmi@11.0.8)
 363:             4            128  com.sun.jmx.mbeanserver.DefaultMXBeanMappingFactory$ArrayMapping (java.management@11.0.8)
 364:             8            128  com.sun.proxy.$Proxy7
 365:             2            128  java.io.ExpiringCache$1 (java.base@11.0.8)
 366:             4            128  java.lang.Package (java.base@11.0.8)
 367:             2            128  java.nio.DirectByteBuffer (java.base@11.0.8)
 368:             4            128  java.util.concurrent.locks.ReentrantLock$NonfairSync (java.base@11.0.8)
 369:             2            128  jdk.jfr.internal.EventWriter (jdk.jfr@11.0.8)
 370:             3            120  [Ljava.lang.invoke.LambdaForm$BasicType; (java.base@11.0.8)
 371:             3            120  java.io.FileInputStream (java.base@11.0.8)
 372:             3            120  java.lang.ModuleLayer (java.base@11.0.8)
 373:             3            120  java.lang.invoke.DirectMethodHandle$Constructor (java.base@11.0.8)
 374:             3            120  java.lang.module.Configuration (java.base@11.0.8)
 375:             3            120  java.net.InetAddress$CachedAddresses (java.base@11.0.8)
 376:             5            120  java.time.format.SignStyle (java.base@11.0.8)
 377:             5            120  java.util.BitSet (java.base@11.0.8)
 378:             5            120  java.util.regex.Pattern$$Lambda$21/0x00000001000aa440 (java.base@11.0.8)
 379:             5            120  java.util.stream.StreamOpFlag$Type (java.base@11.0.8)
 380:             1            120  jdk.internal.loader.ClassLoaders$AppClassLoader (java.base@11.0.8)
 381:             3            120  jdk.internal.math.FloatingDecimal$BinaryToASCIIBuffer (java.base@11.0.8)
 382:             5            120  jdk.internal.math.FloatingDecimal$PreparedASCIIToBinaryBuffer (java.base@11.0.8)
 383:             5            120  jdk.jfr.RecordingState (jdk.jfr@11.0.8)
 384:             5            120  jdk.jfr.internal.LogLevel (jdk.jfr@11.0.8)
 385:             1            120  sun.rmi.server.LoaderHandler$Loader (java.rmi@11.0.8)
 386:             3            120  sun.rmi.server.UnicastServerRef (java.rmi@11.0.8)
 387:             1            112  [Ljava.time.LocalTime; (java.base@11.0.8)
 388:             2            112  java.lang.invoke.LambdaFormEditor$Transform (java.base@11.0.8)
 389:             2            112  java.nio.DirectIntBufferRU (java.base@11.0.8)
 390:             1            112  jdk.internal.loader.ClassLoaders$BootClassLoader (java.base@11.0.8)
 391:             1            112  jdk.internal.loader.ClassLoaders$PlatformClassLoader (java.base@11.0.8)
 392:             7            112  jdk.jfr.internal.instrument.$Proxy26 (jdk.jfr@11.0.8)
 393:             2            104  [Lsun.util.logging.PlatformLogger$Level; (java.base@11.0.8)
 394:             1            104  jdk.jfr.internal.PlatformRecording (jdk.jfr@11.0.8)
 395:             1            104  sun.security.jca.ProviderList$1 (java.base@11.0.8)
 396:             1            104  sun.security.provider.Sun (java.base@11.0.8)
 397:             2             96  [Ljava.lang.System$Logger$Level; (java.base@11.0.8)
 398:             3             96  com.sun.jmx.mbeanserver.DefaultMXBeanMappingFactory$EnumMapping (java.management@11.0.8)
 399:             2             96  com.sun.management.internal.GarbageCollectorExtImpl (jdk.management@11.0.8)
 400:             6             96  com.sun.proxy.$Proxy10
 401:             4             96  java.io.OutputStreamWriter (java.base@11.0.8)
 402:             3             96  java.io.SerializablePermission (java.base@11.0.8)
 403:             3             96  java.lang.Thread$WeakClassKey (java.base@11.0.8)
 404:             3             96  java.lang.invoke.SimpleMethodHandle (java.base@11.0.8)
 405:             4             96  java.lang.module.ModuleDescriptor$Modifier (java.base@11.0.8)
 406:             4             96  java.lang.module.ModuleDescriptor$Opens (java.base@11.0.8)
 407:             4             96  java.lang.module.ModuleDescriptor$Requires$Modifier (java.base@11.0.8)
 408:             4             96  java.net.Inet4Address (java.base@11.0.8)
 409:             3             96  java.net.Socket (java.base@11.0.8)
 410:             4             96  java.time.format.DateTimeFormatterBuilder$OffsetIdPrinterParser (java.base@11.0.8)
 411:             4             96  java.time.format.DateTimeFormatterBuilder$SettingsParser (java.base@11.0.8)
 412:             3             96  java.util.ArrayList$Itr (java.base@11.0.8)
 413:             4             96  java.util.Collections$SetFromMap (java.base@11.0.8)
 414:             6             96  java.util.HashMap$Values (java.base@11.0.8)
 415:             4             96  java.util.PropertyPermissionCollection (java.base@11.0.8)
 416:             4             96  java.util.concurrent.ConcurrentHashMap$KeySetView (java.base@11.0.8)
 417:             3             96  java.util.concurrent.locks.AbstractQueuedSynchronizer$Node (java.base@11.0.8)
 418:             6             96  java.util.regex.Pattern$BranchConn (java.base@11.0.8)
 419:             4             96  java.util.regex.Pattern$Qtype (java.base@11.0.8)
 420:             4             96  java.util.stream.StreamShape (java.base@11.0.8)
 421:             3             96  javax.management.MBeanConstructorInfo (java.management@11.0.8)
 422:             2             96  javax.management.openmbean.TabularType (java.management@11.0.8)
 423:             3             96  jdk.internal.jimage.ImageBufferCache$BufferReference (java.base@11.0.8)
 424:             1             96  jdk.internal.jimage.ImageReader$SharedImageReader (java.base@11.0.8)
 425:             3             96  jdk.internal.loader.BuiltinClassLoader$1 (java.base@11.0.8)
 426:             6             96  jdk.internal.loader.ClassLoaderValue (java.base@11.0.8)
 427:             4             96  jdk.internal.logger.BootstrapLogger$LoggingBackend (java.base@11.0.8)
 428:             4             96  jdk.internal.math.FormattedFloatingDecimal$Form (java.base@11.0.8)
 429:             3             96  sun.net.spi.DefaultProxySelector$NonProxyInfo (java.base@11.0.8)
 430:             3             96  sun.nio.fs.NativeBuffer (java.base@11.0.8)
 431:             3             96  sun.reflect.generics.reflectiveObjects.TypeVariableImpl (java.base@11.0.8)
 432:             3             96  sun.reflect.generics.repository.ClassRepository (java.base@11.0.8)
 433:             4             96  sun.rmi.transport.ObjectEndpoint (java.rmi@11.0.8)
 434:             3             96  sun.rmi.transport.tcp.TCPTransport (java.rmi@11.0.8)
 435:             3             96  sun.rmi.transport.tcp.TCPTransport$AcceptLoop (java.rmi@11.0.8)
 436:             3             96  sun.security.util.LazyCodeSourcePermissionCollection (java.base@11.0.8)
 437:             3             96  sun.util.locale.provider.LocaleResources (java.base@11.0.8)
 438:             2             96  sun.util.locale.provider.LocaleResources$ResourceReference (java.base@11.0.8)
 439:             2             80  [F (java.base@11.0.8)
 440:             1             80  [Ljava.time.temporal.ChronoUnit; (java.base@11.0.8)
 441:             1             80  [Ljava.util.concurrent.RunnableScheduledFuture; (java.base@11.0.8)
 442:             2             80  [Ljava.util.stream.StreamOpFlag$Type; (java.base@11.0.8)
 443:             1             80  [Ljdk.jfr.internal.EventWriterMethod; (jdk.jfr@11.0.8)
 444:             2             80  [Lsun.security.jca.ProviderConfig; (java.base@11.0.8)
 445:             2             80  com.sun.jmx.mbeanserver.DefaultMXBeanMappingFactory$TabularMapping (java.management@11.0.8)
 446:             5             80  com.sun.proxy.$Proxy16
 447:             2             80  java.io.BufferedWriter (java.base@11.0.8)
 448:             2             80  java.io.ExpiringCache (java.base@11.0.8)
 449:             2             80  java.io.FileOutputStream (java.base@11.0.8)
 450:             2             80  java.io.ObjectStreamClass$FieldReflectorKey (java.base@11.0.8)
 451:             2             80  java.io.PrintStream (java.base@11.0.8)
 452:             2             80  java.lang.VirtualMachineError (java.base@11.0.8)
 453:             1             80  java.lang.invoke.BoundMethodHandle$Species_LLLLLLIILLLL (java.base@11.0.8)
 454:             5             80  java.net.URLPermission$Authority (java.base@11.0.8)
 455:             2             80  java.util.Collections$SingletonMap (java.base@11.0.8)
 456:             2             80  java.util.Locale$Category (java.base@11.0.8)
 457:             1             80  java.util.concurrent.ScheduledThreadPoolExecutor (java.base@11.0.8)
 458:             2             80  jdk.internal.loader.URLClassPath (java.base@11.0.8)
 459:             2             80  sun.management.MemoryManagerImpl (java.management@11.0.8)
 460:             5             80  sun.rmi.server.UnicastRef (java.rmi@11.0.8)
 461:             1             80  sun.rmi.transport.DGCClient$EndpointEntry (java.rmi@11.0.8)
 462:             1             80  sun.util.cldr.CLDRLocaleProviderAdapter (java.base@11.0.8)
 463:             1             80  sun.util.locale.provider.JRELocaleProviderAdapter (java.base@11.0.8)
 464:             1             80  sun.util.locale.provider.LocaleProviderAdapter$NonExistentAdapter (java.base@11.0.8)
 465:             4             72  [Ljava.security.Permission; (java.base@11.0.8)
 466:             1             72  [Ljavax.management.openmbean.SimpleType; (java.management@11.0.8)
 467:             3             72  java.io.ObjectInputFilter$Status (java.base@11.0.8)
 468:             3             72  java.lang.ThreadLocal$ThreadLocalMap (java.base@11.0.8)
 469:             3             72  java.lang.WeakPairMap (java.base@11.0.8)
 470:             3             72  java.lang.annotation.RetentionPolicy (java.base@11.0.8)
 471:             1             72  java.lang.invoke.BoundMethodHandle$Species_LLLLLIILLL (java.base@11.0.8)
 472:             3             72  java.lang.invoke.MethodHandles$Lookup (java.base@11.0.8)
 473:             3             72  java.lang.invoke.StringConcatFactory$Mode (java.base@11.0.8)
 474:             3             72  java.net.InetAddress (java.base@11.0.8)
 475:             3             72  java.net.Proxy$Type (java.base@11.0.8)
 476:             3             72  java.nio.file.AccessMode (java.base@11.0.8)
 477:             3             72  java.security.AllPermissionCollection (java.base@11.0.8)
 478:             1             72  java.security.SecureRandom (java.base@11.0.8)
 479:             3             72  java.time.LocalDate (java.base@11.0.8)
 480:             3             72  java.time.ZoneOffset (java.base@11.0.8)
 481:             3             72  java.time.format.ResolverStyle (java.base@11.0.8)
 482:             3             72  java.util.ArrayDeque (java.base@11.0.8)
 483:             3             72  java.util.concurrent.ConcurrentSkipListMap$Index (java.base@11.0.8)
 484:             1             72  java.util.concurrent.ThreadPoolExecutor (java.base@11.0.8)
 485:             3             72  java.util.concurrent.locks.AbstractQueuedSynchronizer$ConditionObject (java.base@11.0.8)
 486:             3             72  java.util.regex.Pattern$BitClass (java.base@11.0.8)
 487:             3             72  java.util.stream.Collector$Characteristics (java.base@11.0.8)
 488:             3             72  jdk.internal.math.FloatingDecimal$ExceptionalBinaryToASCIIBuffer (java.base@11.0.8)
 489:             3             72  jdk.internal.misc.Signal (java.base@11.0.8)
 490:             3             72  jdk.internal.module.IllegalAccessLogger$Mode (java.base@11.0.8)
 491:             3             72  sun.nio.fs.NativeBuffer$Deallocator (java.base@11.0.8)
 492:             3             72  sun.reflect.generics.tree.ClassSignature (java.base@11.0.8)
 493:             3             72  sun.reflect.generics.tree.FormalTypeParameter (java.base@11.0.8)
 494:             3             72  sun.security.provider.NativePRNG$Variant (java.base@11.0.8)
 495:             2             64  [Ljava.lang.annotation.RetentionPolicy; (java.base@11.0.8)
 496:             1             64  [Ljava.lang.invoke.MethodHandleImpl$Intrinsic; (java.base@11.0.8)
 497:             2             64  [Ljava.nio.charset.CoderResult; (java.base@11.0.8)
 498:             2             64  [Ljava.util.stream.Collector$Characteristics; (java.base@11.0.8)
 499:             1             64  [Ljdk.jfr.internal.LogTag; (jdk.jfr@11.0.8)
 500:             2             64  [Lsun.nio.fs.NativeBuffer; (java.base@11.0.8)
 501:             4             64  com.sun.proxy.jdk.proxy3.$Proxy20 (jdk.proxy3@)
 502:             2             64  java.io.BufferedOutputStream (java.base@11.0.8)
 503:             1             64  java.lang.invoke.BoundMethodHandle$Species_LLLLLLLII (java.base@11.0.8)
 504:             2             64  java.lang.ref.ReferenceQueue$Null (java.base@11.0.8)
 505:             2             64  java.time.format.DateTimeFormatterBuilder$TextPrinterParser (java.base@11.0.8)
 506:             2             64  java.time.temporal.IsoFields$Unit (java.base@11.0.8)
 507:             4             64  java.util.concurrent.locks.ReentrantLock (java.base@11.0.8)
 508:             1             64  java.util.logging.LogManager$RootLogger (java.logging@11.0.8)
 509:             4             64  java.util.regex.Pattern$$Lambda$24/0x00000001000af440 (java.base@11.0.8)
 510:             2             64  java.util.stream.FindOps$FindOp (java.base@11.0.8)
 511:             1             64  javax.management.remote.rmi.RMIConnectorServer (java.management.rmi@11.0.8)
 512:             1             64  javax.management.remote.rmi.RMIJRMPServerImpl (java.management.rmi@11.0.8)
 513:             2             64  jdk.jfr.internal.jfc.JFC$KnownConfiguration (jdk.jfr@11.0.8)
 514:             2             64  sun.rmi.transport.GC$LatencyRequest (java.rmi@11.0.8)
 515:             2             64  sun.security.provider.FileInputStreamPool$StreamRef (java.base@11.0.8)
 516:             1             56  [Ljava.lang.Runnable; (java.base@11.0.8)
 517:             1             56  [Ljava.nio.file.StandardOpenOption; (java.base@11.0.8)
 518:             3             56  [Lsun.reflect.generics.tree.ClassTypeSignature; (java.base@11.0.8)
 519:             1             56  [[I (java.base@11.0.8)
 520:             1             56  java.io.ObjectInputFilter$Config$Global (java.base@11.0.8)
 521:             1             56  java.lang.invoke.BoundMethodHandle$Specializer (java.base@11.0.8)
 522:             1             56  java.lang.invoke.BoundMethodHandle$Species_LIILLL (java.base@11.0.8)
 523:             1             56  java.util.ServiceLoader (java.base@11.0.8)
 524:             1             56  java.util.logging.LogManager (java.logging@11.0.8)
 525:             1             56  jdk.internal.ref.CleanerImpl$SoftCleanableRef (java.base@11.0.8)
 526:             1             56  jdk.jfr.internal.StringPool$SimpleStringIdPool (jdk.jfr@11.0.8)
 527:             1             56  sun.jvmstat.perfdata.monitor.protocol.local.LocalVmManager (jdk.internal.jvmstat@11.0.8)
 528:             1             56  sun.jvmstat.perfdata.monitor.protocol.local.MonitoredHostProvider$NotifierTask (jdk.internal.jvmstat@11.0.8)
 529:             1             56  sun.security.provider.SHA (java.base@11.0.8)
 530:             3             48  [Ljava.lang.annotation.Annotation; (java.base@11.0.8)
 531:             1             48  [Ljava.lang.management.MemoryPoolMXBean; (java.management@11.0.8)
 532:             2             48  [Ljava.lang.reflect.TypeVariable; (java.base@11.0.8)
 533:             2             48  [Ljava.net.InetAddress; (java.base@11.0.8)
 534:             2             48  [Ljava.time.ZoneOffset; (java.base@11.0.8)
 535:             2             48  [Ljava.util.Enumeration; (java.base@11.0.8)
 536:             1             48  [Ljava.util.concurrent.TimeUnit; (java.base@11.0.8)
 537:             3             48  [Ljava.util.regex.IntHashSet; (java.base@11.0.8)
 538:             1             48  [Lsun.management.counter.Units; (java.management@11.0.8)
 539:             1             48  [[Ljava.lang.Object; (java.base@11.0.8)
 540:             2             48  com.sun.jmx.mbeanserver.ClassLoaderRepositorySupport$LoaderEntry (java.management@11.0.8)
 541:             1             48  com.sun.jmx.mbeanserver.DefaultMXBeanMappingFactory$Mappings (java.management@11.0.8)
 542:             1             48  com.sun.jmx.mbeanserver.MBeanIntrospector$MBeanInfoMap (java.management@11.0.8)
 543:             1             48  com.sun.jmx.mbeanserver.MBeanIntrospector$PerInterfaceMap (java.management@11.0.8)
 544:             2             48  com.sun.jmx.mbeanserver.WeakIdentityHashMap (java.management@11.0.8)
 545:             3             48  com.sun.proxy.$Proxy6
 546:             2             48  java.io.File$PathStatus (java.base@11.0.8)
 547:             2             48  java.lang.ClassValue$Version (java.base@11.0.8)
 548:             2             48  java.lang.CompoundEnumeration (java.base@11.0.8)
 549:             2             48  java.lang.StringCoding$Result (java.base@11.0.8)
 550:             1             48  java.lang.invoke.BoundMethodHandle$Specializer$Factory (java.base@11.0.8)
 551:             2             48  java.lang.reflect.ReflectPermission (java.base@11.0.8)
 552:             2             48  java.net.ServerSocket (java.base@11.0.8)
 553:             3             48  java.nio.charset.CodingErrorAction (java.base@11.0.8)
 554:             3             48  java.security.SecureClassLoader$CodeSourceKey (java.base@11.0.8)
 555:             2             48  java.time.LocalDateTime (java.base@11.0.8)
 556:             2             48  java.time.format.DateTimeFormatterBuilder$1 (java.base@11.0.8)
 557:             2             48  java.time.format.DateTimeFormatterBuilder$ZoneIdPrinterParser (java.base@11.0.8)
 558:             2             48  java.time.format.DateTimeTextProvider$LocaleStore (java.base@11.0.8)
 559:             3             48  java.util.ResourceBundle$NoFallbackControl (java.base@11.0.8)
 560:             2             48  java.util.TaskQueue (java.base@11.0.8)
 561:             3             48  java.util.TreeSet (java.base@11.0.8)
 562:             3             48  java.util.concurrent.ConcurrentHashMap$EntrySetView (java.base@11.0.8)
 563:             1             48  java.util.concurrent.ConcurrentSkipListMap (java.base@11.0.8)
 564:             2             48  java.util.concurrent.ConcurrentSkipListMap$Node (java.base@11.0.8)
 565:             1             48  java.util.concurrent.ThreadPoolExecutor$Worker (java.base@11.0.8)
 566:             1             48  java.util.concurrent.locks.ReentrantReadWriteLock$FairSync (java.base@11.0.8)
 567:             1             48  java.util.logging.ConsoleHandler (java.logging@11.0.8)
 568:             2             48  java.util.logging.Logger$LoggerBundle (java.logging@11.0.8)
 569:             2             48  java.util.logging.LoggingPermission (java.logging@11.0.8)
 570:             3             48  java.util.regex.Pattern$$Lambda$20/0x00000001000aa040 (java.base@11.0.8)
 571:             3             48  java.util.regex.Pattern$BitClass$$Lambda$19/0x00000001000a9c40 (java.base@11.0.8)
 572:             2             48  java.util.regex.Pattern$BmpCharPredicate$$Lambda$80/0x000000010013e840 (java.base@11.0.8)
 573:             2             48  java.util.regex.Pattern$Dollar (java.base@11.0.8)
 574:             2             48  java.util.regex.Pattern$Slice (java.base@11.0.8)
 575:             2             48  javax.management.NotificationBroadcasterSupport (java.management@11.0.8)
 576:             1             48  jdk.internal.jimage.ImageHeader (java.base@11.0.8)
 577:             2             48  jdk.internal.misc.Signal$NativeHandler (java.base@11.0.8)
 578:             3             48  jdk.internal.module.ServicesCatalog (java.base@11.0.8)
 579:             1             48  jdk.internal.ref.CleanerImpl$WeakCleanableRef (java.base@11.0.8)
 580:             1             48  jdk.jfr.events.FileReadEvent (jdk.jfr@11.0.8)
 581:             1             48  jdk.jfr.internal.MetadataRepository (jdk.jfr@11.0.8)
 582:             1             48  jdk.jfr.internal.PlatformRecorder (jdk.jfr@11.0.8)
 583:             1             48  jdk.jfr.internal.handlers.EventHandler3297_1616837425220-1 (jdk.jfr@11.0.8)
 584:             1             48  jdk.management.jfr.FlightRecorderMXBeanImpl (jdk.management.jfr@11.0.8)
 585:             2             48  sun.management.ManagementFactoryHelper$1 (java.management@11.0.8)
 586:             2             48  sun.reflect.generics.scope.ClassScope (java.base@11.0.8)
 587:             1             48  sun.rmi.runtime.Log$InternalStreamHandler (java.rmi@11.0.8)
 588:             3             48  sun.rmi.server.WeakClassHashMap$ValueCell (java.rmi@11.0.8)
 589:             1             48  sun.rmi.transport.tcp.TCPChannel (java.rmi@11.0.8)
 590:             2             48  sun.security.jca.ProviderList (java.base@11.0.8)
 591:             2             48  sun.security.jca.ProviderList$3 (java.base@11.0.8)
 592:             2             40  [Lcom.sun.jmx.mbeanserver.ClassLoaderRepositorySupport$LoaderEntry; (java.management@11.0.8)
 593:             1             40  [Ljava.lang.Thread$State; (java.base@11.0.8)
 594:             1             40  [Ljava.lang.invoke.StringConcatFactory$Strategy; (java.base@11.0.8)
 595:             1             40  [Ljava.lang.invoke.VarHandle$AccessType; (java.base@11.0.8)
 596:             1             40  [Ljava.time.format.SignStyle; (java.base@11.0.8)
 597:             1             40  [Ljava.time.format.TextStyle; (java.base@11.0.8)
 598:             1             40  [Ljava.util.stream.StreamOpFlag; (java.base@11.0.8)
 599:             1             40  [Ljdk.jfr.RecordingState; (jdk.jfr@11.0.8)
 600:             1             40  [Ljdk.jfr.internal.LogLevel; (jdk.jfr@11.0.8)
 601:             1             40  [Lsun.util.locale.provider.LocaleProviderAdapter$Type; (java.base@11.0.8)
 602:             1             40  [[Ljava.lang.invoke.LambdaForm$Name; (java.base@11.0.8)
 603:             1             40  com.sun.jmx.interceptor.DefaultMBeanServerInterceptor (java.management@11.0.8)
 604:             1             40  com.sun.jmx.mbeanserver.JmxMBeanServer (java.management@11.0.8)
 605:             1             40  com.sun.jmx.mbeanserver.MBeanServerDelegateImpl (java.management@11.0.8)
 606:             1             40  com.sun.management.internal.DiagnosticCommandImpl (jdk.management@11.0.8)
 607:             1             40  java.io.BufferedInputStream (java.base@11.0.8)
 608:             1             40  java.lang.ArithmeticException (java.base@11.0.8)
 609:             1             40  java.lang.ArrayIndexOutOfBoundsException (java.base@11.0.8)
 610:             1             40  java.lang.Exception (java.base@11.0.8)
 611:             1             40  java.lang.NullPointerException (java.base@11.0.8)
 612:             1             40  java.lang.Package$VersionInfo (java.base@11.0.8)
 613:             1             40  java.lang.invoke.MethodHandleImpl$IntrinsicMethodHandle (java.base@11.0.8)
 614:             1             40  java.time.format.DateTimeFormatterBuilder (java.base@11.0.8)
 615:             1             40  java.time.format.DateTimeFormatterBuilder$FractionPrinterParser (java.base@11.0.8)
 616:             1             40  java.time.zone.ZoneRules (java.base@11.0.8)
 617:             1             40  java.util.ResourceBundle$2 (java.base@11.0.8)
 618:             1             40  java.util.ServiceLoader$LazyClassPathLookupIterator (java.base@11.0.8)
 619:             1             40  jdk.internal.agent.resources.agent (jdk.management.agent@11.0.8)
 620:             1             40  jdk.internal.ref.Cleaner (java.base@11.0.8)
 621:             1             40  jdk.internal.ref.CleanerImpl$CleanerCleanable (java.base@11.0.8)
 622:             1             40  jdk.jfr.Configuration (jdk.jfr@11.0.8)
 623:             1             40  jdk.jfr.events.FileWriteEvent (jdk.jfr@11.0.8)
 624:             1             40  jdk.jfr.internal.handlers.EventHandler3294_1616837425220-1 (jdk.jfr@11.0.8)
 625:             1             40  jdk.jfr.internal.settings.CutoffSetting (jdk.jfr@11.0.8)
 626:             1             40  sun.jvmstat.perfdata.monitor.protocol.local.MonitoredHostProvider (jdk.internal.jvmstat@11.0.8)
 627:             1             40  sun.nio.cs.StandardCharsets$Aliases (java.base@11.0.8)
 628:             1             40  sun.nio.cs.StandardCharsets$Cache (java.base@11.0.8)
 629:             1             40  sun.rmi.server.LoaderHandler$LoaderEntry (java.rmi@11.0.8)
 630:             1             40  sun.rmi.server.UnicastServerRef2 (java.rmi@11.0.8)
 631:             1             40  sun.util.resources.Bundles$1 (java.base@11.0.8)
 632:             1             32  [Ljava.io.ObjectInputFilter$Status; (java.base@11.0.8)
 633:             1             32  [Ljava.lang.OutOfMemoryError; (java.base@11.0.8)
 634:             2             32  [Ljava.lang.StackTraceElement; (java.base@11.0.8)
 635:             1             32  [Ljava.lang.ThreadGroup; (java.base@11.0.8)
 636:             1             32  [Ljava.lang.invoke.StringConcatFactory$Mode; (java.base@11.0.8)
 637:             1             32  [Ljava.lang.management.MemoryManagerMXBean; (java.management@11.0.8)
 638:             1             32  [Ljava.lang.module.ModuleDescriptor$Modifier; (java.base@11.0.8)
 639:             1             32  [Ljava.lang.module.ModuleDescriptor$Requires$Modifier; (java.base@11.0.8)
 640:             1             32  [Ljava.net.Proxy$Type; (java.base@11.0.8)
 641:             1             32  [Ljava.nio.file.AccessMode; (java.base@11.0.8)
 642:             1             32  [Ljava.time.format.DateTimeFormatterBuilder$SettingsParser; (java.base@11.0.8)
 643:             1             32  [Ljava.time.format.ResolverStyle; (java.base@11.0.8)
 644:             1             32  [Ljava.time.temporal.IsoFields$Field; (java.base@11.0.8)
 645:             1             32  [Ljava.time.temporal.JulianFields$Field; (java.base@11.0.8)
 646:             1             32  [Ljava.util.regex.Pattern$Qtype; (java.base@11.0.8)
 647:             1             32  [Ljava.util.stream.StreamShape; (java.base@11.0.8)
 648:             1             32  [Ljdk.internal.jimage.ImageBufferCache$BufferReference; (java.base@11.0.8)
 649:             1             32  [Ljdk.internal.logger.BootstrapLogger$LoggingBackend; (java.base@11.0.8)
 650:             1             32  [Ljdk.internal.math.FormattedFloatingDecimal$Form; (java.base@11.0.8)
 651:             1             32  [Ljdk.internal.module.IllegalAccessLogger$Mode; (java.base@11.0.8)
 652:             1             32  [Lsun.security.provider.NativePRNG$Variant; (java.base@11.0.8)
 653:             1             32  com.sun.jmx.mbeanserver.Repository (java.management@11.0.8)
 654:             2             32  com.sun.proxy.$Proxy12
 655:             2             32  com.sun.proxy.$Proxy13
 656:             2             32  com.sun.proxy.$Proxy14
 657:             2             32  com.sun.proxy.$Proxy21
 658:             1             32  java.io.UnixFileSystem (java.base@11.0.8)
 659:             2             32  java.lang.Boolean (java.base@11.0.8)
 660:             2             32  java.lang.ClassValue$Identity (java.base@11.0.8)
 661:             2             32  java.lang.Shutdown$Lock (java.base@11.0.8)
 662:             1             32  java.lang.invoke.VarHandleLongs$FieldInstanceReadWrite (java.base@11.0.8)
 663:             1             32  java.lang.module.ModuleDescriptor$Version (java.base@11.0.8)
 664:             1             32  java.net.InetAddress$CachedLocalHost (java.base@11.0.8)
 665:             2             32  java.nio.ByteOrder (java.base@11.0.8)
 666:             1             32  java.nio.DirectByteBuffer$Deallocator (java.base@11.0.8)
 667:             2             32  java.rmi.server.RemoteObjectInvocationHandler (java.rmi@11.0.8)
 668:             1             32  java.security.MessageDigest$Delegate (java.base@11.0.8)
 669:             1             32  java.security.UnresolvedPermission (java.base@11.0.8)
 670:             2             32  java.time.format.DateTimeFormatterBuilder$StringLiteralPrinterParser (java.base@11.0.8)
 671:             2             32  java.util.IdentityHashMap$KeySet (java.base@11.0.8)
 672:             1             32  java.util.ImmutableCollections$ListItr (java.base@11.0.8)
 673:             1             32  java.util.ImmutableCollections$Map1 (java.base@11.0.8)
 674:             2             32  java.util.ResourceBundle$SingleFormatControl (java.base@11.0.8)
 675:             1             32  java.util.ServiceLoader$ModuleServicesLookupIterator (java.base@11.0.8)
 676:             2             32  java.util.Timer$1 (java.base@11.0.8)
 677:             1             32  java.util.concurrent.ScheduledThreadPoolExecutor$DelayedWorkQueue (java.base@11.0.8)
 678:             1             32  java.util.concurrent.SynchronousQueue (java.base@11.0.8)
 679:             1             32  java.util.concurrent.ThreadLocalRandom (java.base@11.0.8)
 680:             1             32  java.util.concurrent.atomic.LongAdder (java.base@11.0.8)
 681:             2             32  java.util.logging.ErrorManager (java.logging@11.0.8)
 682:             1             32  java.util.logging.LogManager$SystemLoggerContext (java.logging@11.0.8)
 683:             2             32  java.util.logging.SimpleFormatter (java.logging@11.0.8)
 684:             2             32  java.util.regex.Pattern$Begin (java.base@11.0.8)
 685:             1             32  java.util.regex.Pattern$BnM (java.base@11.0.8)
 686:             1             32  javax.management.remote.JMXServiceURL (java.management@11.0.8)
 687:             1             32  jdk.internal.loader.URLClassPath$1 (java.base@11.0.8)
 688:             1             32  jdk.internal.module.IllegalAccessLogger (java.base@11.0.8)
 689:             1             32  jdk.internal.org.objectweb.asm.Attribute$NestHost (java.base@11.0.8)
 690:             1             32  jdk.internal.org.objectweb.asm.Attribute$NestMembers (java.base@11.0.8)
 691:             1             32  jdk.internal.ref.CleanerImpl (java.base@11.0.8)
 692:             1             32  jdk.jfr.internal.handlers.EventHandler3259_1616837425220-1 (jdk.jfr@11.0.8)
 693:             1             32  jdk.jfr.internal.handlers.EventHandler3263_1616837425220-1 (jdk.jfr@11.0.8)
 694:             1             32  jdk.jfr.internal.handlers.EventHandler3266_1616837425220-1 (jdk.jfr@11.0.8)
 695:             1             32  jdk.jfr.internal.handlers.EventHandler3269_1616837425220-1 (jdk.jfr@11.0.8)
 696:             1             32  jdk.jfr.internal.handlers.EventHandler3272_1616837425220-1 (jdk.jfr@11.0.8)
 697:             1             32  jdk.jfr.internal.handlers.EventHandler3275_1616837425220-1 (jdk.jfr@11.0.8)
 698:             1             32  jdk.jfr.internal.handlers.EventHandler3282_1616837425220-1 (jdk.jfr@11.0.8)
 699:             1             32  jdk.jfr.internal.handlers.EventHandler3285_1616837425220-1 (jdk.jfr@11.0.8)
 700:             1             32  jdk.jfr.internal.handlers.EventHandler3288_1616837425220-1 (jdk.jfr@11.0.8)
 701:             1             32  jdk.jfr.internal.handlers.EventHandler3291_1616837425220-1 (jdk.jfr@11.0.8)
 702:             2             32  jdk.jfr.internal.instrument.$Proxy27 (jdk.jfr@11.0.8)
 703:             1             32  sun.management.jmxremote.LocalRMIServerSocketFactory$1 (jdk.management.agent@11.0.8)
 704:             1             32  sun.nio.cs.StandardCharsets (java.base@11.0.8)
 705:             1             32  sun.nio.fs.LinuxFileSystem (java.base@11.0.8)
 706:             1             32  sun.rmi.transport.DGCClient$EndpointEntry$RefEntry (java.rmi@11.0.8)
 707:             1             32  sun.rmi.transport.DGCClient$EndpointEntry$RefEntry$PhantomLiveRef (java.rmi@11.0.8)
 708:             2             32  sun.rmi.transport.DGCImpl_Stub (java.rmi@11.0.8)
 709:             2             32  sun.security.provider.FileInputStreamPool$UnclosableInputStream (java.base@11.0.8)
 710:             1             32  sun.security.provider.PolicyFile (java.base@11.0.8)
 711:             1             32  sun.security.provider.PolicyFile$PolicyInfo (java.base@11.0.8)
 712:             1             32  sun.security.provider.SecureRandom (java.base@11.0.8)
 713:             2             32  sun.util.resources.LocaleData (java.base@11.0.8)
 714:             1             24  [Ljava.io.File$PathStatus; (java.base@11.0.8)
 715:             1             24  [Ljava.time.temporal.IsoFields$Unit; (java.base@11.0.8)
 716:             1             24  [Ljava.util.Comparators$NaturalOrderComparator; (java.base@11.0.8)
 717:             1             24  [Ljava.util.Locale$Category; (java.base@11.0.8)
 718:             1             24  [Ljdk.internal.misc.JavaSecurityAccess$ProtectionDomainCache; (java.base@11.0.8)
 719:             1             24  [Ljdk.internal.org.objectweb.asm.Attribute; (java.base@11.0.8)
 720:             1             24  com.sun.jmx.mbeanserver.ClassLoaderRepositorySupport (java.management@11.0.8)
 721:             1             24  com.sun.jmx.mbeanserver.MXBeanLookup (java.management@11.0.8)
 722:             1             24  com.sun.management.internal.HotSpotThreadImpl (jdk.management@11.0.8)
 723:             1             24  com.sun.management.internal.OperatingSystemImpl (jdk.management@11.0.8)
 724:             1             24  com.sun.management.internal.PlatformMBeanProviderImpl$1 (jdk.management@11.0.8)
 725:             1             24  com.sun.management.internal.PlatformMBeanProviderImpl$2 (jdk.management@11.0.8)
 726:             1             24  com.sun.management.internal.PlatformMBeanProviderImpl$3 (jdk.management@11.0.8)
 727:             1             24  com.sun.management.internal.PlatformMBeanProviderImpl$4 (jdk.management@11.0.8)
 728:             1             24  com.sun.management.internal.PlatformMBeanProviderImpl$5 (jdk.management@11.0.8)
 729:             1             24  java.lang.Double (java.base@11.0.8)
 730:             1             24  java.lang.StringBuilder (java.base@11.0.8)
 731:             1             24  java.lang.invoke.MethodType$ConcurrentWeakInternSet (java.base@11.0.8)
 732:             1             24  java.lang.invoke.StringConcatFactory$Stringifiers$StringifierAny (java.base@11.0.8)
 733:             1             24  java.lang.invoke.StringConcatFactory$Stringifiers$StringifierMost (java.base@11.0.8)
 734:             1             24  java.lang.management.DefaultPlatformMBeanProvider$1 (java.management@11.0.8)
 735:             1             24  java.lang.management.DefaultPlatformMBeanProvider$10 (java.management@11.0.8)
 736:             1             24  java.lang.management.DefaultPlatformMBeanProvider$11 (java.management@11.0.8)
 737:             1             24  java.lang.management.DefaultPlatformMBeanProvider$2 (java.management@11.0.8)
 738:             1             24  java.lang.management.DefaultPlatformMBeanProvider$3 (java.management@11.0.8)
 739:             1             24  java.lang.management.DefaultPlatformMBeanProvider$4 (java.management@11.0.8)
 740:             1             24  java.lang.management.DefaultPlatformMBeanProvider$5 (java.management@11.0.8)
 741:             1             24  java.lang.management.DefaultPlatformMBeanProvider$6 (java.management@11.0.8)
 742:             1             24  java.lang.management.DefaultPlatformMBeanProvider$7 (java.management@11.0.8)
 743:             1             24  java.lang.management.DefaultPlatformMBeanProvider$8 (java.management@11.0.8)
 744:             1             24  java.lang.management.DefaultPlatformMBeanProvider$9 (java.management@11.0.8)
 745:             1             24  java.net.Inet4AddressImpl (java.base@11.0.8)
 746:             1             24  java.net.Proxy (java.base@11.0.8)
 747:             1             24  java.rmi.dgc.VMID (java.rmi@11.0.8)
 748:             1             24  java.security.Policy$PolicyInfo (java.base@11.0.8)
 749:             1             24  java.security.Policy$UnsupportedEmptyCollection (java.base@11.0.8)
 750:             1             24  java.security.ProtectionDomain$JavaSecurityAccessImpl$1 (java.base@11.0.8)
 751:             1             24  java.time.Clock$SystemClock (java.base@11.0.8)
 752:             1             24  java.time.ZoneRegion (java.base@11.0.8)
 753:             1             24  java.time.format.DecimalStyle (java.base@11.0.8)
 754:             1             24  java.time.temporal.IsoFields$Field$1 (java.base@11.0.8)
 755:             1             24  java.time.temporal.IsoFields$Field$2 (java.base@11.0.8)
 756:             1             24  java.time.temporal.IsoFields$Field$3 (java.base@11.0.8)
 757:             1             24  java.time.temporal.IsoFields$Field$4 (java.base@11.0.8)
 758:             1             24  java.time.zone.TzdbZoneRulesProvider (java.base@11.0.8)
 759:             1             24  java.util.Collections$EmptyMap (java.base@11.0.8)
 760:             1             24  java.util.Collections$SynchronizedCollection (java.base@11.0.8)
 761:             1             24  java.util.Comparators$NaturalOrderComparator (java.base@11.0.8)
 762:             1             24  java.util.Locale$Cache (java.base@11.0.8)
 763:             1             24  java.util.ResourceBundle$Control$CandidateListCache (java.base@11.0.8)
 764:             1             24  java.util.ServiceLoader$2 (java.base@11.0.8)
 765:             1             24  java.util.Timer (java.base@11.0.8)
 766:             1             24  java.util.concurrent.locks.ReentrantReadWriteLock (java.base@11.0.8)
 767:             1             24  java.util.logging.LogManager$LoggerContext (java.logging@11.0.8)
 768:             1             24  java.util.regex.Pattern$CharPropertyGreedy (java.base@11.0.8)
 769:             1             24  java.util.regex.Pattern$Start (java.base@11.0.8)
 770:             1             24  jdk.internal.jimage.ImageReader (java.base@11.0.8)
 771:             1             24  jdk.internal.logger.BootstrapLogger$RedirectedLoggers (java.base@11.0.8)
 772:             1             24  jdk.internal.module.ModuleBootstrap$SafeModuleFinder (java.base@11.0.8)
 773:             1             24  jdk.internal.module.ModuleHashes (java.base@11.0.8)
 774:             1             24  jdk.jfr.internal.Repository (jdk.jfr@11.0.8)
 775:             1             24  jdk.jfr.internal.ShutdownHook (jdk.jfr@11.0.8)
 776:             1             24  jdk.jfr.internal.handlers.EventHandler3279_1616837425220-1 (jdk.jfr@11.0.8)
 777:             1             24  jdk.jfr.internal.handlers.EventHandler3300_1616837425220-1 (jdk.jfr@11.0.8)
 778:             1             24  jdk.management.jfr.StreamManager (jdk.management.jfr@11.0.8)
 779:             1             24  jdk.management.jfr.internal.FlightRecorderMXBeanProvider$SingleMBeanComponent (jdk.management.jfr@11.0.8)
 780:             1             24  sun.jvmstat.perfdata.monitor.protocol.local.LocalEventTimer (jdk.internal.jvmstat@11.0.8)
 781:             1             24  sun.management.CompilationImpl (java.management@11.0.8)
 782:             1             24  sun.management.ManagementFactoryHelper$LoggingMXBeanAccess (java.management@11.0.8)
 783:             1             24  sun.management.ManagementFactoryHelper$PlatformLoggingImpl (java.management@11.0.8)
 784:             1             24  sun.management.MemoryImpl (java.management@11.0.8)
 785:             1             24  sun.management.RuntimeImpl (java.management@11.0.8)
 786:             1             24  sun.management.VMManagementImpl (java.management@11.0.8)
 787:             1             24  sun.net.sdp.SdpProvider (java.base@11.0.8)
 788:             1             24  sun.nio.ch.Util$BufferCache (java.base@11.0.8)
 789:             1             24  sun.nio.cs.ISO_8859_1 (java.base@11.0.8)
 790:             1             24  sun.nio.cs.US_ASCII (java.base@11.0.8)
 791:             1             24  sun.nio.cs.UTF_16 (java.base@11.0.8)
 792:             1             24  sun.nio.cs.UTF_16BE (java.base@11.0.8)
 793:             1             24  sun.nio.cs.UTF_16LE (java.base@11.0.8)
 794:             1             24  sun.nio.cs.UTF_8 (java.base@11.0.8)
 795:             1             24  sun.rmi.registry.RegistryImpl (java.rmi@11.0.8)
 796:             1             24  sun.rmi.runtime.RuntimeUtil$1 (java.rmi@11.0.8)
 797:             1             24  sun.rmi.server.LoaderHandler$LoaderKey (java.rmi@11.0.8)
 798:             1             24  sun.rmi.transport.DGCImpl (java.rmi@11.0.8)
 799:             1             24  sun.tools.jstatd.RemoteHostImpl (jdk.jstatd@11.0.8)
 800:             1             24  sun.util.cldr.CLDRTimeZoneNameProviderImpl (java.base@11.0.8)
 801:             1             24  sun.util.locale.BaseLocale$Cache (java.base@11.0.8)
 802:             1             24  sun.util.locale.provider.DateFormatSymbolsProviderImpl (java.base@11.0.8)
 803:             1             24  sun.util.locale.provider.DecimalFormatSymbolsProviderImpl (java.base@11.0.8)
 804:             1             24  sun.util.locale.provider.LocaleServiceProviderPool (java.base@11.0.8)
 805:             1             24  sun.util.locale.provider.TimeZoneNameProviderImpl (java.base@11.0.8)
 806:             1             16  [Ljava.lang.Throwable; (java.base@11.0.8)
 807:             1             16  [Ljava.net.URL; (java.base@11.0.8)
 808:             1             16  [Ljava.nio.file.attribute.FileAttribute; (java.base@11.0.8)
 809:             1             16  [Ljava.rmi.server.ObjID; (java.rmi@11.0.8)
 810:             1             16  [Ljava.security.Provider; (java.base@11.0.8)
 811:             1             16  [Ljava.security.cert.Certificate; (java.base@11.0.8)
 812:             1             16  [Ljava.time.LocalDateTime; (java.base@11.0.8)
 813:             1             16  [Ljava.time.zone.ZoneOffsetTransitionRule; (java.base@11.0.8)
 814:             1             16  [Ljava.util.logging.Handler; (java.logging@11.0.8)
 815:             1             16  com.sun.jmx.interceptor.DefaultMBeanServerInterceptor$ResourceContext$1 (java.management@11.0.8)
 816:             1             16  com.sun.jmx.mbeanserver.DefaultMXBeanMappingFactory (java.management@11.0.8)
 817:             1             16  com.sun.jmx.mbeanserver.DescriptorCache (java.management@11.0.8)
 818:             1             16  com.sun.jmx.mbeanserver.MBeanAnalyzer$MethodOrder (java.management@11.0.8)
 819:             1             16  com.sun.jmx.mbeanserver.MBeanInstantiator (java.management@11.0.8)
 820:             1             16  com.sun.jmx.mbeanserver.MXBeanIntrospector (java.management@11.0.8)
 821:             1             16  com.sun.jmx.mbeanserver.SecureClassLoaderRepository (java.management@11.0.8)
 822:             1             16  com.sun.management.internal.HotSpotDiagnostic (jdk.management@11.0.8)
 823:             1             16  com.sun.management.internal.PlatformMBeanProviderImpl (jdk.management@11.0.8)
 824:             1             16  com.sun.management.internal.PlatformMBeanProviderImpl$$Lambda$139/0x000000010017f040 (jdk.management@11.0.8)
 825:             1             16  com.sun.proxy.$Proxy25
 826:             1             16  com.sun.proxy.jdk.proxy1.$Proxy0 (jdk.proxy1@)
 827:             1             16  com.sun.proxy.jdk.proxy2.$Proxy1 (jdk.proxy2@)
 828:             1             16  java.io.FileDescriptor$1 (java.base@11.0.8)
 829:             1             16  java.io.FilePermission$1 (java.base@11.0.8)
 830:             1             16  java.io.ObjectInputFilter$Config$$Lambda$72/0x000000010010b440 (java.base@11.0.8)
 831:             1             16  java.io.ObjectInputFilter$Config$$Lambda$73/0x0000000100120040 (java.base@11.0.8)
 832:             1             16  java.io.ObjectInputFilter$Config$Global$$Lambda$156/0x00000001001b8040 (java.base@11.0.8)
 833:             1             16  java.io.ObjectInputFilter$Config$Global$$Lambda$157/0x00000001001b8440 (java.base@11.0.8)
 834:             1             16  java.io.ObjectInputStream$$Lambda$69/0x000000010010d840 (java.base@11.0.8)
 835:             1             16  java.io.ObjectInputStream$$Lambda$70/0x000000010010d040 (java.base@11.0.8)
 836:             1             16  java.io.RandomAccessFile$2 (java.base@11.0.8)
 837:             1             16  java.lang.ApplicationShutdownHooks$1 (java.base@11.0.8)
 838:             1             16  java.lang.CharacterDataLatin1 (java.base@11.0.8)
 839:             1             16  java.lang.Float (java.base@11.0.8)
 840:             1             16  java.lang.InheritableThreadLocal (java.base@11.0.8)
 841:             1             16  java.lang.Module$$Lambda$50/0x00000001000cdc40 (java.base@11.0.8)
 842:             1             16  java.lang.ModuleLayer$$Lambda$125/0x0000000100177040 (java.base@11.0.8)
 843:             1             16  java.lang.ModuleLayer$$Lambda$96/0x0000000100166c40 (java.base@11.0.8)
 844:             1             16  java.lang.Runtime (java.base@11.0.8)
 845:             1             16  java.lang.SecurityManager$$Lambda$1/0x0000000100067840 (java.base@11.0.8)
 846:             1             16  java.lang.SecurityManager$$Lambda$10/0x0000000100064c40 (java.base@11.0.8)
 847:             1             16  java.lang.SecurityManager$$Lambda$3/0x0000000100066840 (java.base@11.0.8)
 848:             1             16  java.lang.SecurityManager$$Lambda$4/0x0000000100066c40 (java.base@11.0.8)
 849:             1             16  java.lang.SecurityManager$$Lambda$5/0x0000000100066440 (java.base@11.0.8)
 850:             1             16  java.lang.SecurityManager$$Lambda$6/0x0000000100065c40 (java.base@11.0.8)
 851:             1             16  java.lang.SecurityManager$$Lambda$7/0x0000000100065040 (java.base@11.0.8)
 852:             1             16  java.lang.SecurityManager$$Lambda$9/0x0000000100064840 (java.base@11.0.8)
 853:             1             16  java.lang.String$CaseInsensitiveComparator (java.base@11.0.8)
 854:             1             16  java.lang.StringCoding$1 (java.base@11.0.8)
 855:             1             16  java.lang.System$2 (java.base@11.0.8)
 856:             1             16  java.lang.System$LoggerFinder$$Lambda$86/0x0000000100159840 (java.base@11.0.8)
 857:             1             16  java.lang.Terminator$1 (java.base@11.0.8)
 858:             1             16  java.lang.invoke.ClassSpecializer$1 (java.base@11.0.8)
 859:             1             16  java.lang.invoke.MemberName$Factory (java.base@11.0.8)
 860:             1             16  java.lang.invoke.MethodHandleImpl$1 (java.base@11.0.8)
 861:             1             16  java.lang.invoke.StringConcatFactory$MethodHandleInlineCopyStrategy$1 (java.base@11.0.8)
 862:             1             16  java.lang.invoke.StringConcatFactory$MethodHandleInlineCopyStrategy$2 (java.base@11.0.8)
 863:             1             16  java.lang.invoke.StringConcatFactory$MethodHandleInlineCopyStrategy$3 (java.base@11.0.8)
 864:             1             16  java.lang.invoke.VarHandle$1 (java.base@11.0.8)
 865:             1             16  java.lang.management.DefaultPlatformMBeanProvider (java.management@11.0.8)
 866:             1             16  java.lang.management.DefaultPlatformMBeanProvider$5$$Lambda$152/0x000000010017bc40 (java.management@11.0.8)
 867:             1             16  java.lang.management.ManagementFactory$$Lambda$136/0x000000010017a440 (java.management@11.0.8)
 868:             1             16  java.lang.management.ManagementFactory$$Lambda$147/0x000000010017c840 (java.management@11.0.8)
 869:             1             16  java.lang.management.ManagementFactory$$Lambda$148/0x000000010017cc40 (java.management@11.0.8)
 870:             1             16  java.lang.management.ManagementFactory$$Lambda$149/0x000000010017c040 (java.management@11.0.8)
 871:             1             16  java.lang.management.ManagementFactory$PlatformMBeanFinder$$Lambda$137/0x000000010017f840 (java.management@11.0.8)
 872:             1             16  java.lang.management.ManagementFactory$PlatformMBeanFinder$$Lambda$140/0x000000010017f440 (java.management@11.0.8)
 873:             1             16  java.lang.management.ManagementFactory$PlatformMBeanFinder$$Lambda$141/0x000000010017e840 (java.management@11.0.8)
 874:             1             16  java.lang.management.ManagementFactory$PlatformMBeanFinder$$Lambda$142/0x000000010017e040 (java.management@11.0.8)
 875:             1             16  java.lang.management.ManagementFactory$PlatformMBeanFinder$$Lambda$145/0x000000010017dc40 (java.management@11.0.8)
 876:             1             16  java.lang.management.ManagementFactory$PlatformMBeanFinder$$Lambda$146/0x000000010017d040 (java.management@11.0.8)
 877:             1             16  java.lang.module.Configuration$$Lambda$110/0x0000000100173040 (java.base@11.0.8)
 878:             1             16  java.lang.module.Configuration$$Lambda$111/0x0000000100173440 (java.base@11.0.8)
 879:             1             16  java.lang.module.Configuration$$Lambda$98/0x0000000100166440 (java.base@11.0.8)
 880:             1             16  java.lang.module.ModuleDescriptor$1 (java.base@11.0.8)
 881:             1             16  java.lang.module.ModuleDescriptor$Builder$$Lambda$49/0x00000001000cd840 (java.base@11.0.8)
 882:             1             16  java.lang.module.Resolver$$Lambda$105/0x0000000100171c40 (java.base@11.0.8)
 883:             1             16  java.lang.module.Resolver$$Lambda$106/0x0000000100172040 (java.base@11.0.8)
 884:             1             16  java.lang.module.Resolver$$Lambda$112/0x0000000100173840 (java.base@11.0.8)
 885:             1             16  java.lang.module.Resolver$$Lambda$113/0x0000000100173c40 (java.base@11.0.8)
 886:             1             16  java.lang.module.Resolver$$Lambda$114/0x0000000100174040 (java.base@11.0.8)
 887:             1             16  java.lang.module.Resolver$$Lambda$115/0x0000000100174440 (java.base@11.0.8)
 888:             1             16  java.lang.module.Resolver$$Lambda$116/0x0000000100174840 (java.base@11.0.8)
 889:             1             16  java.lang.module.Resolver$$Lambda$121/0x0000000100176040 (java.base@11.0.8)
 890:             1             16  java.lang.ref.Cleaner (java.base@11.0.8)
 891:             1             16  java.lang.ref.Cleaner$1 (java.base@11.0.8)
 892:             1             16  java.lang.ref.FinalizerHistogram$$Lambda$159/0x00000001001b9440 (java.base@11.0.8)
 893:             1             16  java.lang.ref.Reference$1 (java.base@11.0.8)
 894:             1             16  java.lang.reflect.Proxy$$Lambda$47/0x00000001000ce040 (java.base@11.0.8)
 895:             1             16  java.lang.reflect.Proxy$ProxyBuilder$$Lambda$48/0x00000001000ce440 (java.base@11.0.8)
 896:             1             16  java.lang.reflect.ReflectAccess (java.base@11.0.8)
 897:             1             16  java.net.InetAddress$2 (java.base@11.0.8)
 898:             1             16  java.net.InetAddress$PlatformNameService (java.base@11.0.8)
 899:             1             16  java.net.ServerSocket$2 (java.base@11.0.8)
 900:             1             16  java.net.URI$1 (java.base@11.0.8)
 901:             1             16  java.net.URL$3 (java.base@11.0.8)
 902:             1             16  java.net.URL$DefaultFactory (java.base@11.0.8)
 903:             1             16  java.net.URLClassLoader$7 (java.base@11.0.8)
 904:             1             16  java.nio.Bits$1 (java.base@11.0.8)
 905:             1             16  java.nio.Buffer$1 (java.base@11.0.8)
 906:             1             16  java.nio.file.Files$AcceptAllFilter (java.base@11.0.8)
 907:             1             16  java.rmi.RMISecurityManager (java.rmi@11.0.8)
 908:             1             16  java.rmi.server.ObjID$$Lambda$40/0x00000001000c9c40 (java.rmi@11.0.8)
 909:             1             16  java.rmi.server.RMIClassLoader$2 (java.rmi@11.0.8)
 910:             1             16  java.rmi.server.RemoteObjectInvocationHandler$MethodToHash_Maps (java.rmi@11.0.8)
 911:             1             16  java.security.AllPermission (java.base@11.0.8)
 912:             1             16  java.security.ProtectionDomain$JavaSecurityAccessImpl (java.base@11.0.8)
 913:             1             16  java.time.chrono.IsoChronology (java.base@11.0.8)
 914:             1             16  java.time.format.DateTimeFormatter$$Lambda$167/0x0000000100164040 (java.base@11.0.8)
 915:             1             16  java.time.format.DateTimeFormatter$$Lambda$168/0x0000000100163840 (java.base@11.0.8)
 916:             1             16  java.time.format.DateTimeFormatterBuilder$$Lambda$166/0x0000000100164840 (java.base@11.0.8)
 917:             1             16  java.time.format.DateTimeFormatterBuilder$2 (java.base@11.0.8)
 918:             1             16  java.time.format.DateTimeFormatterBuilder$InstantPrinterParser (java.base@11.0.8)
 919:             1             16  java.time.format.DateTimeTextProvider (java.base@11.0.8)
 920:             1             16  java.time.format.DateTimeTextProvider$1 (java.base@11.0.8)
 921:             1             16  java.util.AbstractMap$2 (java.base@11.0.8)
 922:             1             16  java.util.Collections$EmptyEnumeration (java.base@11.0.8)
 923:             1             16  java.util.Collections$EmptyIterator (java.base@11.0.8)
 924:             1             16  java.util.Collections$EmptyList (java.base@11.0.8)
 925:             1             16  java.util.Collections$EmptySet (java.base@11.0.8)
 926:             1             16  java.util.Collections$ReverseComparator (java.base@11.0.8)
 927:             1             16  java.util.EnumMap$1 (java.base@11.0.8)
 928:             1             16  java.util.IdentityHashMap$Values (java.base@11.0.8)
 929:             1             16  java.util.LinkedHashSet (java.base@11.0.8)
 930:             1             16  java.util.Optional (java.base@11.0.8)
 931:             1             16  java.util.ResourceBundle$1 (java.base@11.0.8)
 932:             1             16  java.util.ResourceBundle$Control (java.base@11.0.8)
 933:             1             16  java.util.Spliterators$EmptySpliterator$OfDouble (java.base@11.0.8)
 934:             1             16  java.util.Spliterators$EmptySpliterator$OfInt (java.base@11.0.8)
 935:             1             16  java.util.Spliterators$EmptySpliterator$OfLong (java.base@11.0.8)
 936:             1             16  java.util.Spliterators$EmptySpliterator$OfRef (java.base@11.0.8)
 937:             1             16  java.util.WeakHashMap$KeySet (java.base@11.0.8)
 938:             1             16  java.util.concurrent.ConcurrentSkipListMap$KeySet (java.base@11.0.8)
 939:             1             16  java.util.concurrent.ConcurrentSkipListSet (java.base@11.0.8)
 940:             1             16  java.util.concurrent.SynchronousQueue$TransferStack (java.base@11.0.8)
 941:             1             16  java.util.concurrent.ThreadPoolExecutor$AbortPolicy (java.base@11.0.8)
 942:             1             16  java.util.concurrent.locks.ReentrantReadWriteLock$ReadLock (java.base@11.0.8)
 943:             1             16  java.util.concurrent.locks.ReentrantReadWriteLock$Sync$ThreadLocalHoldCounter (java.base@11.0.8)
 944:             1             16  java.util.concurrent.locks.ReentrantReadWriteLock$WriteLock (java.base@11.0.8)
 945:             1             16  java.util.function.Function$$Lambda$100/0x0000000100170440 (java.base@11.0.8)
 946:             1             16  java.util.logging.Level$$Lambda$28/0x00000001000abc40 (java.logging@11.0.8)
 947:             1             16  java.util.logging.Level$KnownLevel$$Lambda$29/0x00000001000ab040 (java.logging@11.0.8)
 948:             1             16  java.util.logging.LogManager$CloseOnReset (java.logging@11.0.8)
 949:             1             16  java.util.logging.LogManager$LoggingProviderAccess (java.logging@11.0.8)
 950:             1             16  java.util.logging.LogManager$VisitedLoggers (java.logging@11.0.8)
 951:             1             16  java.util.logging.Logging (java.logging@11.0.8)
 952:             1             16  java.util.logging.SimpleFormatter$$Lambda$34/0x00000001000c8440 (java.logging@11.0.8)
 953:             1             16  java.util.regex.CharPredicates$$Lambda$22/0x00000001000af840 (java.base@11.0.8)
 954:             1             16  java.util.regex.CharPredicates$$Lambda$79/0x000000010013f440 (java.base@11.0.8)
 955:             1             16  java.util.regex.Pattern$1 (java.base@11.0.8)
 956:             1             16  java.util.regex.Pattern$CharPredicate$$Lambda$23/0x00000001000af040 (java.base@11.0.8)
 957:             1             16  java.util.regex.Pattern$LastNode (java.base@11.0.8)
 958:             1             16  java.util.regex.Pattern$Node (java.base@11.0.8)
 959:             1             16  java.util.stream.Collectors$$Lambda$101/0x0000000100170840 (java.base@11.0.8)
 960:             1             16  java.util.stream.Collectors$$Lambda$103/0x0000000100171440 (java.base@11.0.8)
 961:             1             16  java.util.stream.Collectors$$Lambda$104/0x0000000100171840 (java.base@11.0.8)
 962:             1             16  java.util.stream.Collectors$$Lambda$107/0x0000000100172440 (java.base@11.0.8)
 963:             1             16  java.util.stream.Collectors$$Lambda$108/0x0000000100172840 (java.base@11.0.8)
 964:             1             16  java.util.stream.Collectors$$Lambda$109/0x0000000100172c40 (java.base@11.0.8)
 965:             1             16  java.util.stream.Collectors$$Lambda$143/0x000000010017e440 (java.base@11.0.8)
 966:             1             16  java.util.stream.FindOps$FindSink$OfRef$$Lambda$30/0x00000001000ab440 (java.base@11.0.8)
 967:             1             16  java.util.stream.FindOps$FindSink$OfRef$$Lambda$31/0x00000001000aa840 (java.base@11.0.8)
 968:             1             16  java.util.stream.FindOps$FindSink$OfRef$$Lambda$32/0x00000001000aac40 (java.base@11.0.8)
 969:             1             16  java.util.stream.FindOps$FindSink$OfRef$$Lambda$33/0x00000001000c8040 (java.base@11.0.8)
 970:             1             16  javax.management.JMX (java.management@11.0.8)
 971:             1             16  javax.management.MBeanServerBuilder (java.management@11.0.8)
 972:             1             16  javax.management.NotificationBroadcasterSupport$1 (java.management@11.0.8)
 973:             1             16  javax.management.remote.JMXConnectorServerFactory$$Lambda$154/0x000000010017a840 (java.management@11.0.8)
 974:             1             16  javax.management.remote.rmi.RMIServerImpl_Stub (java.management.rmi@11.0.8)
 975:             1             16  jdk.internal.agent.Agent$StatusCollector$$Lambda$218/0x0000000100138040 (jdk.management.agent@11.0.8)
 976:             1             16  jdk.internal.agent.Agent$StatusCollector$$Lambda$219/0x0000000100138440 (jdk.management.agent@11.0.8)
 977:             1             16  jdk.internal.jimage.ImageBufferCache$1 (java.base@11.0.8)
 978:             1             16  jdk.internal.jimage.ImageBufferCache$2 (java.base@11.0.8)
 979:             1             16  jdk.internal.jimage.ImageReaderFactory$1 (java.base@11.0.8)
 980:             1             16  jdk.internal.jimage.ImageStringsReader (java.base@11.0.8)
 981:             1             16  jdk.internal.jimage.decompressor.Decompressor (java.base@11.0.8)
 982:             1             16  jdk.internal.logger.LazyLoggers$$Lambda$85/0x0000000100159440 (java.base@11.0.8)
 983:             1             16  jdk.internal.logger.LazyLoggers$1 (java.base@11.0.8)
 984:             1             16  jdk.internal.logger.LazyLoggers$LazyLoggerFactories (java.base@11.0.8)
 985:             1             16  jdk.internal.logger.LoggerFinderLoader$$Lambda$87/0x0000000100159c40 (java.base@11.0.8)
 986:             1             16  jdk.internal.logger.LoggerFinderLoader$$Lambda$88/0x000000010015a040 (java.base@11.0.8)
 987:             1             16  jdk.internal.math.FloatingDecimal$1 (java.base@11.0.8)
 988:             1             16  jdk.internal.math.FormattedFloatingDecimal$1 (java.base@11.0.8)
 989:             1             16  jdk.internal.misc.TerminatingThreadLocal$1 (java.base@11.0.8)
 990:             1             16  jdk.internal.misc.Unsafe (java.base@11.0.8)
 991:             1             16  jdk.internal.module.ModuleBootstrap$SafeModuleFinder$$Lambda$99/0x0000000100170040 (java.base@11.0.8)
 992:             1             16  jdk.internal.module.ModulePatcher (java.base@11.0.8)
 993:             1             16  jdk.internal.module.ModuleTarget (java.base@11.0.8)
 994:             1             16  jdk.internal.module.Modules$$Lambda$128/0x0000000100178040 (java.base@11.0.8)
 995:             1             16  jdk.internal.module.Modules$$Lambda$129/0x0000000100178440 (java.base@11.0.8)
 996:             1             16  jdk.internal.module.Modules$$Lambda$132/0x0000000100179440 (java.base@11.0.8)
 997:             1             16  jdk.internal.module.Modules$$Lambda$135/0x000000010017a040 (java.base@11.0.8)
 998:             1             16  jdk.internal.perf.Perf (java.base@11.0.8)
 999:             1             16  jdk.internal.reflect.GeneratedConstructorAccessor10 (java.base@11.0.8)
1000:             1             16  jdk.internal.reflect.GeneratedConstructorAccessor11 (java.base@11.0.8)
1001:             1             16  jdk.internal.reflect.GeneratedConstructorAccessor12 (java.base@11.0.8)
1002:             1             16  jdk.internal.reflect.GeneratedConstructorAccessor2 (java.base@11.0.8)
1003:             1             16  jdk.internal.reflect.GeneratedConstructorAccessor3 (java.base@11.0.8)
1004:             1             16  jdk.internal.reflect.GeneratedConstructorAccessor4 (java.base@11.0.8)
1005:             1             16  jdk.internal.reflect.GeneratedConstructorAccessor5 (java.base@11.0.8)
1006:             1             16  jdk.internal.reflect.GeneratedConstructorAccessor6 (java.base@11.0.8)
1007:             1             16  jdk.internal.reflect.GeneratedConstructorAccessor7 (java.base@11.0.8)
1008:             1             16  jdk.internal.reflect.GeneratedConstructorAccessor8 (java.base@11.0.8)
1009:             1             16  jdk.internal.reflect.GeneratedConstructorAccessor9 (java.base@11.0.8)
1010:             1             16  jdk.internal.reflect.ReflectionFactory (java.base@11.0.8)
1011:             1             16  jdk.internal.util.Preconditions$1 (java.base@11.0.8)
1012:             1             16  jdk.jfr.FlightRecorder (jdk.jfr@11.0.8)
1013:             1             16  jdk.jfr.FlightRecorderPermission$InternalAccess (jdk.jfr@11.0.8)
1014:             1             16  jdk.jfr.Recording (jdk.jfr@11.0.8)
1015:             1             16  jdk.jfr.events.FileForceEvent$1 (jdk.jfr@11.0.8)
1016:             1             16  jdk.jfr.events.FileReadEvent$1 (jdk.jfr@11.0.8)
1017:             1             16  jdk.jfr.events.FileWriteEvent$1 (jdk.jfr@11.0.8)
1018:             1             16  jdk.jfr.events.SocketReadEvent$1 (jdk.jfr@11.0.8)
1019:             1             16  jdk.jfr.events.SocketWriteEvent$1 (jdk.jfr@11.0.8)
1020:             1             16  jdk.jfr.internal.JVM (jdk.jfr@11.0.8)
1021:             1             16  jdk.jfr.internal.MetadataHandler$$Lambda$194/0x0000000100094c40 (jdk.jfr@11.0.8)
1022:             1             16  jdk.jfr.internal.PlatformRecorder$$Lambda$205/0x000000010015cc40 (jdk.jfr@11.0.8)
1023:             1             16  jdk.jfr.internal.RepositoryChunk$1 (jdk.jfr@11.0.8)
1024:             1             16  jdk.jfr.internal.RequestEngine$$Lambda$215/0x000000010013b440 (jdk.jfr@11.0.8)
1025:             1             16  jdk.jfr.internal.RequestEngine$$Lambda$222/0x000000010015dc40 (jdk.jfr@11.0.8)
1026:             1             16  jdk.jfr.internal.SecuritySupport$$Lambda$169/0x0000000100163040 (jdk.jfr@11.0.8)
1027:             1             16  jdk.jfr.internal.SettingsManager (jdk.jfr@11.0.8)
1028:             1             16  jdk.jfr.internal.ShutdownHook$ExceptionHandler (jdk.jfr@11.0.8)
1029:             1             16  jdk.jfr.internal.TypeLibrary (jdk.jfr@11.0.8)
1030:             1             16  jdk.jfr.internal.TypeLibrary$$Lambda$195/0x0000000100162840 (jdk.jfr@11.0.8)
1031:             1             16  jdk.jfr.internal.TypeLibrary$$Lambda$196/0x0000000100162c40 (jdk.jfr@11.0.8)
1032:             1             16  jdk.jfr.internal.TypeLibrary$$Lambda$197/0x0000000100162040 (jdk.jfr@11.0.8)
1033:             1             16  jdk.jfr.internal.TypeLibrary$$Lambda$202/0x000000010015e040 (jdk.jfr@11.0.8)
1034:             1             16  jdk.jfr.internal.TypeLibrary$$Lambda$203/0x000000010015e440 (jdk.jfr@11.0.8)
1035:             1             16  jdk.jfr.internal.instrument.JDKEvents$$Lambda$187/0x0000000100109440 (jdk.jfr@11.0.8)
1036:             1             16  jdk.management.jfr.SettingDescriptorInfo$1 (jdk.management.jfr@11.0.8)
1037:             1             16  sun.jvmstat.PlatformSupportImpl (jdk.internal.jvmstat@11.0.8)
1038:             1             16  sun.jvmstat.monitor.HostIdentifier (jdk.internal.jvmstat@11.0.8)
1039:             1             16  sun.jvmstat.perfdata.monitor.protocol.file.MonitoredHostFileService (jdk.internal.jvmstat@11.0.8)
1040:             1             16  sun.jvmstat.perfdata.monitor.protocol.local.LocalVmManager$1 (jdk.internal.jvmstat@11.0.8)
1041:             1             16  sun.jvmstat.perfdata.monitor.protocol.local.LocalVmManager$2 (jdk.internal.jvmstat@11.0.8)
1042:             1             16  sun.jvmstat.perfdata.monitor.protocol.local.LocalVmManager$3 (jdk.internal.jvmstat@11.0.8)
1043:             1             16  sun.jvmstat.perfdata.monitor.protocol.local.MonitoredHostLocalService (jdk.internal.jvmstat@11.0.8)
1044:             1             16  sun.jvmstat.perfdata.monitor.protocol.rmi.MonitoredHostRmiService (jdk.jstatd@11.0.8)
1045:             1             16  sun.management.ClassLoadingImpl (java.management@11.0.8)
1046:             1             16  sun.management.jmxremote.ConnectorBootstrap$PermanentExporter (jdk.management.agent@11.0.8)
1047:             1             16  sun.management.jmxremote.LocalRMIServerSocketFactory (jdk.management.agent@11.0.8)
1048:             1             16  sun.net.ext.ExtendedSocketOptions$NoExtendedSocketOptions (java.base@11.0.8)
1049:             1             16  sun.net.spi.DefaultProxySelector (java.base@11.0.8)
1050:             1             16  sun.net.www.protocol.file.Handler (java.base@11.0.8)
1051:             1             16  sun.net.www.protocol.jrt.Handler (java.base@11.0.8)
1052:             1             16  sun.net.www.protocol.jrt.JavaRuntimeURLConnection$$Lambda$13/0x0000000100063840 (java.base@11.0.8)
1053:             1             16  sun.nio.ch.FileChannelImpl$1 (java.base@11.0.8)
1054:             1             16  sun.nio.ch.SocketDispatcher (java.base@11.0.8)
1055:             1             16  sun.nio.ch.Util$1 (java.base@11.0.8)
1056:             1             16  sun.nio.fs.LinuxFileSystemProvider (java.base@11.0.8)
1057:             1             16  sun.nio.fs.NativeBuffers$1 (java.base@11.0.8)
1058:             1             16  sun.reflect.generics.tree.LongSignature (java.base@11.0.8)
1059:             1             16  sun.reflect.generics.tree.TypeVariableSignature (java.base@11.0.8)
1060:             1             16  sun.reflect.generics.tree.VoidDescriptor (java.base@11.0.8)
1061:             1             16  sun.rmi.registry.RegistryImpl$$Lambda$63/0x00000001000f4840 (java.rmi@11.0.8)
1062:             1             16  sun.rmi.registry.RegistryImpl$$Lambda$64/0x00000001000f4c40 (java.rmi@11.0.8)
1063:             1             16  sun.rmi.registry.RegistryImpl_Skel (java.rmi@11.0.8)
1064:             1             16  sun.rmi.registry.RegistryImpl_Stub (java.rmi@11.0.8)
1065:             1             16  sun.rmi.runtime.Log$$Lambda$27/0x00000001000ae040 (java.rmi@11.0.8)
1066:             1             16  sun.rmi.runtime.Log$LoggerLogFactory (java.rmi@11.0.8)
1067:             1             16  sun.rmi.runtime.RuntimeUtil (java.rmi@11.0.8)
1068:             1             16  sun.rmi.runtime.RuntimeUtil$$Lambda$57/0x00000001000f0c40 (java.rmi@11.0.8)
1069:             1             16  sun.rmi.server.LoaderHandler$$Lambda$66/0x000000010010f040 (java.rmi@11.0.8)
1070:             1             16  sun.rmi.server.LoaderHandler$$Lambda$67/0x000000010010f440 (java.rmi@11.0.8)
1071:             1             16  sun.rmi.server.MarshalInputStream$$Lambda$71/0x000000010010d440 (java.rmi@11.0.8)
1072:             1             16  sun.rmi.server.UnicastRef$$Lambda$36/0x00000001000c8c40 (java.rmi@11.0.8)
1073:             1             16  sun.rmi.server.UnicastRef2 (java.rmi@11.0.8)
1074:             1             16  sun.rmi.server.UnicastServerRef$$Lambda$37/0x00000001000c9040 (java.rmi@11.0.8)
1075:             1             16  sun.rmi.server.UnicastServerRef$$Lambda$38/0x00000001000c9440 (java.rmi@11.0.8)
1076:             1             16  sun.rmi.server.UnicastServerRef$$Lambda$39/0x00000001000c9840 (java.rmi@11.0.8)
1077:             1             16  sun.rmi.server.UnicastServerRef$HashToMethod_Maps (java.rmi@11.0.8)
1078:             1             16  sun.rmi.server.Util$$Lambda$26/0x00000001000aec40 (java.rmi@11.0.8)
1079:             1             16  sun.rmi.server.Util$$Lambda$35/0x00000001000c8840 (java.rmi@11.0.8)
1080:             1             16  sun.rmi.transport.DGCAckHandler$$Lambda$68/0x000000010010e040 (java.rmi@11.0.8)
1081:             1             16  sun.rmi.transport.DGCClient$$Lambda$91/0x000000010015b040 (java.rmi@11.0.8)
1082:             1             16  sun.rmi.transport.DGCClient$$Lambda$92/0x000000010015b440 (java.rmi@11.0.8)
1083:             1             16  sun.rmi.transport.DGCClient$$Lambda$93/0x000000010015b840 (java.rmi@11.0.8)
1084:             1             16  sun.rmi.transport.DGCClient$EndpointEntry$RenewCleanThread (java.rmi@11.0.8)
1085:             1             16  sun.rmi.transport.DGCImpl$$Lambda$54/0x00000001000f0040 (java.rmi@11.0.8)
1086:             1             16  sun.rmi.transport.DGCImpl$$Lambda$55/0x00000001000f0440 (java.rmi@11.0.8)
1087:             1             16  sun.rmi.transport.DGCImpl$$Lambda$56/0x00000001000f0840 (java.rmi@11.0.8)
1088:             1             16  sun.rmi.transport.DGCImpl$$Lambda$58/0x00000001000f1040 (java.rmi@11.0.8)
1089:             1             16  sun.rmi.transport.DGCImpl$2$$Lambda$59/0x00000001000f1440 (java.rmi@11.0.8)
1090:             1             16  sun.rmi.transport.DGCImpl_Skel (java.rmi@11.0.8)
1091:             1             16  sun.rmi.transport.GC$Daemon (java.rmi@11.0.8)
1092:             1             16  sun.rmi.transport.GC$LatencyLock (java.rmi@11.0.8)
1093:             1             16  sun.rmi.transport.ObjectTable$$Lambda$53/0x00000001000cc840 (java.rmi@11.0.8)
1094:             1             16  sun.rmi.transport.ObjectTable$Reaper (java.rmi@11.0.8)
1095:             1             16  sun.rmi.transport.Transport$$Lambda$42/0x00000001000cfc40 (java.rmi@11.0.8)
1096:             1             16  sun.rmi.transport.tcp.TCPChannel$$Lambda$60/0x00000001000f5c40 (java.rmi@11.0.8)
1097:             1             16  sun.rmi.transport.tcp.TCPChannel$$Lambda$61/0x00000001000f5040 (java.rmi@11.0.8)
1098:             1             16  sun.rmi.transport.tcp.TCPChannel$$Lambda$62/0x00000001000f5440 (java.rmi@11.0.8)
1099:             1             16  sun.rmi.transport.tcp.TCPDirectSocketFactory (java.rmi@11.0.8)
1100:             1             16  sun.rmi.transport.tcp.TCPEndpoint$$Lambda$41/0x00000001000cf840 (java.rmi@11.0.8)
1101:             1             16  sun.rmi.transport.tcp.TCPTransport$$Lambda$43/0x00000001000cf040 (java.rmi@11.0.8)
1102:             1             16  sun.rmi.transport.tcp.TCPTransport$$Lambda$44/0x00000001000cf440 (java.rmi@11.0.8)
1103:             1             16  sun.rmi.transport.tcp.TCPTransport$$Lambda$45/0x00000001000ce840 (java.rmi@11.0.8)
1104:             1             16  sun.rmi.transport.tcp.TCPTransport$$Lambda$46/0x00000001000cec40 (java.rmi@11.0.8)
1105:             1             16  sun.rmi.transport.tcp.TCPTransport$1 (java.rmi@11.0.8)
1106:             1             16  sun.security.provider.NativePRNG (java.base@11.0.8)
1107:             1             16  sun.util.calendar.Gregorian (java.base@11.0.8)
1108:             1             16  sun.util.cldr.CLDRBaseLocaleDataMetaInfo (java.base@11.0.8)
1109:             1             16  sun.util.locale.InternalLocaleBuilder$CaseInsensitiveChar (java.base@11.0.8)
1110:             1             16  sun.util.locale.provider.TimeZoneNameUtility$TimeZoneNameGetter (java.base@11.0.8)
1111:             1             16  sun.util.logging.internal.LoggingProviderImpl (java.logging@11.0.8)
1112:             1             16  sun.util.resources.LocaleData$LocaleDataStrategy (java.base@11.0.8)
1113:             1             16  sun.util.resources.cldr.provider.CLDRLocaleDataMetaInfo (jdk.localedata@11.0.8)
Total         91257        3870376
